Archive member included to satisfy reference by file (symbol)

/usr/lib/gcc/arm-none-eabi/10.3.1/thumb/v6-m/nofp/libgcc.a(_dvmd_tls.o)
                              CMakeFiles/irq.dir/home/vinke/Documents/Pi_Pico/c/pico/pico-sdk/src/rp2_common/pico_divider/divider.S.obj (__aeabi_idiv0)
/usr/lib/gcc/arm-none-eabi/10.3.1/../../../arm-none-eabi/lib/thumb/v6-m/nofp/libc.a(lib_a-atexit.o)
                              /usr/lib/gcc/arm-none-eabi/10.3.1/../../../arm-none-eabi/lib/thumb/v6-m/nofp/crt0.o (atexit)
/usr/lib/gcc/arm-none-eabi/10.3.1/../../../arm-none-eabi/lib/thumb/v6-m/nofp/libc.a(lib_a-calloc.o)
                              CMakeFiles/irq.dir/home/vinke/Documents/Pi_Pico/c/pico/pico-sdk/src/rp2_common/pico_malloc/pico_malloc.c.obj (calloc)
/usr/lib/gcc/arm-none-eabi/10.3.1/../../../arm-none-eabi/lib/thumb/v6-m/nofp/libc.a(lib_a-callocr.o)
                              /usr/lib/gcc/arm-none-eabi/10.3.1/../../../arm-none-eabi/lib/thumb/v6-m/nofp/libc.a(lib_a-calloc.o) (_calloc_r)
/usr/lib/gcc/arm-none-eabi/10.3.1/../../../arm-none-eabi/lib/thumb/v6-m/nofp/libc.a(lib_a-fini.o)
                              /usr/lib/gcc/arm-none-eabi/10.3.1/../../../arm-none-eabi/lib/thumb/v6-m/nofp/crt0.o (__libc_fini_array)
/usr/lib/gcc/arm-none-eabi/10.3.1/../../../arm-none-eabi/lib/thumb/v6-m/nofp/libc.a(lib_a-impure.o)
                              /usr/lib/gcc/arm-none-eabi/10.3.1/../../../arm-none-eabi/lib/thumb/v6-m/nofp/libc.a(lib_a-calloc.o) (_impure_ptr)
/usr/lib/gcc/arm-none-eabi/10.3.1/../../../arm-none-eabi/lib/thumb/v6-m/nofp/libc.a(lib_a-init.o)
                              /usr/lib/gcc/arm-none-eabi/10.3.1/../../../arm-none-eabi/lib/thumb/v6-m/nofp/crt0.o (__libc_init_array)
/usr/lib/gcc/arm-none-eabi/10.3.1/../../../arm-none-eabi/lib/thumb/v6-m/nofp/libc.a(lib_a-malloc.o)
                              CMakeFiles/irq.dir/home/vinke/Documents/Pi_Pico/c/pico/pico-sdk/src/rp2_common/pico_malloc/pico_malloc.c.obj (malloc)
/usr/lib/gcc/arm-none-eabi/10.3.1/../../../arm-none-eabi/lib/thumb/v6-m/nofp/libc.a(lib_a-mallocr.o)
                              /usr/lib/gcc/arm-none-eabi/10.3.1/../../../arm-none-eabi/lib/thumb/v6-m/nofp/libc.a(lib_a-callocr.o) (_malloc_r)
/usr/lib/gcc/arm-none-eabi/10.3.1/../../../arm-none-eabi/lib/thumb/v6-m/nofp/libc.a(lib_a-mlock.o)
                              /usr/lib/gcc/arm-none-eabi/10.3.1/../../../arm-none-eabi/lib/thumb/v6-m/nofp/libc.a(lib_a-mallocr.o) (__malloc_lock)
/usr/lib/gcc/arm-none-eabi/10.3.1/../../../arm-none-eabi/lib/thumb/v6-m/nofp/libc.a(lib_a-realloc.o)
                              CMakeFiles/irq.dir/home/vinke/Documents/Pi_Pico/c/pico/pico-sdk/src/rp2_common/pico_malloc/pico_malloc.c.obj (realloc)
/usr/lib/gcc/arm-none-eabi/10.3.1/../../../arm-none-eabi/lib/thumb/v6-m/nofp/libc.a(lib_a-reallocr.o)
                              /usr/lib/gcc/arm-none-eabi/10.3.1/../../../arm-none-eabi/lib/thumb/v6-m/nofp/libc.a(lib_a-realloc.o) (_realloc_r)
/usr/lib/gcc/arm-none-eabi/10.3.1/../../../arm-none-eabi/lib/thumb/v6-m/nofp/libc.a(lib_a-sbrkr.o)
                              /usr/lib/gcc/arm-none-eabi/10.3.1/../../../arm-none-eabi/lib/thumb/v6-m/nofp/libc.a(lib_a-mallocr.o) (_sbrk_r)
/usr/lib/gcc/arm-none-eabi/10.3.1/../../../arm-none-eabi/lib/thumb/v6-m/nofp/libc.a(lib_a-strlen-stub.o)
                              CMakeFiles/irq.dir/home/vinke/Documents/Pi_Pico/c/pico/pico-sdk/src/rp2_common/pico_stdio/stdio.c.obj (strlen)
/usr/lib/gcc/arm-none-eabi/10.3.1/../../../arm-none-eabi/lib/thumb/v6-m/nofp/libc.a(lib_a-__atexit.o)
                              /usr/lib/gcc/arm-none-eabi/10.3.1/../../../arm-none-eabi/lib/thumb/v6-m/nofp/libc.a(lib_a-atexit.o) (__register_exitproc)
/usr/lib/gcc/arm-none-eabi/10.3.1/../../../arm-none-eabi/lib/thumb/v6-m/nofp/libc.a(lib_a-freer.o)
                              /usr/lib/gcc/arm-none-eabi/10.3.1/../../../arm-none-eabi/lib/thumb/v6-m/nofp/libc.a(lib_a-malloc.o) (_free_r)
/usr/lib/gcc/arm-none-eabi/10.3.1/../../../arm-none-eabi/lib/thumb/v6-m/nofp/libc.a(lib_a-memmove.o)
                              /usr/lib/gcc/arm-none-eabi/10.3.1/../../../arm-none-eabi/lib/thumb/v6-m/nofp/libc.a(lib_a-reallocr.o) (memmove)
/usr/lib/gcc/arm-none-eabi/10.3.1/../../../arm-none-eabi/lib/thumb/v6-m/nofp/libc.a(lib_a-reent.o)
                              /usr/lib/gcc/arm-none-eabi/10.3.1/../../../arm-none-eabi/lib/thumb/v6-m/nofp/libc.a(lib_a-sbrkr.o) (errno)

Discarded input sections

 .text          0x0000000000000000        0x0 /usr/lib/gcc/arm-none-eabi/10.3.1/thumb/v6-m/nofp/crti.o
 .data          0x0000000000000000        0x0 /usr/lib/gcc/arm-none-eabi/10.3.1/thumb/v6-m/nofp/crti.o
 .bss           0x0000000000000000        0x0 /usr/lib/gcc/arm-none-eabi/10.3.1/thumb/v6-m/nofp/crti.o
 .data          0x0000000000000000        0x4 /usr/lib/gcc/arm-none-eabi/10.3.1/thumb/v6-m/nofp/crtbegin.o
 .rodata        0x0000000000000000       0x24 /usr/lib/gcc/arm-none-eabi/10.3.1/thumb/v6-m/nofp/crtbegin.o
[...]
Memory Configuration

Name             Origin             Length             Attributes
FLASH            0x0000000010000000 0x0000000000200000 xr
RAM              0x0000000020000000 0x0000000000040000 xrw
SCRATCH_X        0x0000000020040000 0x0000000000001000 xrw
SCRATCH_Y        0x0000000020041000 0x0000000000001000 xrw
*default*        0x0000000000000000 0xffffffffffffffff

Linker script and memory map

LOAD /usr/lib/gcc/arm-none-eabi/10.3.1/thumb/v6-m/nofp/crti.o
LOAD /usr/lib/gcc/arm-none-eabi/10.3.1/thumb/v6-m/nofp/crtbegin.o
LOAD /usr/lib/gcc/arm-none-eabi/10.3.1/../../../arm-none-eabi/lib/thumb/v6-m/nofp/crt0.o

.flash_begin    0x0000000010000000        0x0
                0x0000000010000000                __flash_binary_start = .

.boot2          0x0000000010000000      0x100
                0x0000000010000000                __boot2_start__ = .
 *(.boot2)
 .boot2         0x0000000010000000      0x100 /tmp/ccD0NfUH.o
                0x0000000010000100                __boot2_end__ = .
                0x0000000000000001                ASSERT (((__boot2_end__ - __boot2_start__) == 0x100), ERROR: Pico second stage bootloader must be 256 bytes in size)

.text           0x0000000010000100     0x6c60
                0x0000000010000100                __logical_binary_start = .
 *(.vectors)
 .vectors       0x0000000010000100       0xd4 CMakeFiles/irq.dir/home/vinke/Documents/Pi_Pico/c/pico/pico-sdk/src/rp2_common/pico_standard_link/crt0.S.obj
                0x0000000010000100                __vectors
                0x0000000010000100                __VECTOR_TABLE
                0x00000000100001c0                isr_invalid
                0x00000000100001c0                __default_isrs_start
                0x00000000100001c2                isr_nmi
                0x00000000100001c4                isr_hardfault
                0x00000000100001c6                isr_svcall
                0x00000000100001c8                isr_pendsv
                0x00000000100001ca                isr_systick
                0x00000000100001cc                isr_irq30
                0x00000000100001cc                __unhandled_user_irq
                0x00000000100001cc                isr_irq13
                0x00000000100001cc                isr_irq27
                0x00000000100001cc                isr_irq31
                0x00000000100001cc                isr_irq5
                0x00000000100001cc                isr_irq11
                0x00000000100001cc                isr_irq23
                0x00000000100001cc                isr_irq18
                0x00000000100001cc                isr_irq28
                0x00000000100001cc                isr_irq19
                0x00000000100001cc                isr_irq0
                0x00000000100001cc                isr_irq6
                0x00000000100001cc                isr_irq22
                0x00000000100001cc                isr_irq17
                0x00000000100001cc                isr_irq14
                0x00000000100001cc                isr_irq2
                0x00000000100001cc                isr_irq10
                0x00000000100001cc                isr_irq8
                0x00000000100001cc                isr_irq24
                0x00000000100001cc                isr_irq1
                0x00000000100001cc                isr_irq7
                0x00000000100001cc                isr_irq21
                0x00000000100001cc                isr_irq20
                0x00000000100001cc                isr_irq15
                0x00000000100001cc                isr_irq25
                0x00000000100001cc                isr_irq4
                0x00000000100001cc                isr_irq16
                0x00000000100001cc                isr_irq29
                0x00000000100001cc                isr_irq26
                0x00000000100001cc                __default_isrs_end
                0x00000000100001cc                isr_irq3
                0x00000000100001cc                isr_irq12
                0x00000000100001cc                isr_irq9
                0x00000000100001d2                unhandled_user_irq_num_in_r0
 *(.binary_info_header)
 .binary_info_header
                0x00000000100001d4       0x14 CMakeFiles/irq.dir/home/vinke/Documents/Pi_Pico/c/pico/pico-sdk/src/rp2_common/pico_standard_link/crt0.S.obj
                0x00000000100001e8                __binary_info_header_end = .
 *(.reset)
 .reset         0x00000000100001e8       0xa0 CMakeFiles/irq.dir/home/vinke/Documents/Pi_Pico/c/pico/pico-sdk/src/rp2_common/pico_standard_link/crt0.S.obj
                0x00000000100001e8                _entry_point
 .reset         0x0000000010000288       0x30 CMakeFiles/irq.dir/home/vinke/Documents/Pi_Pico/c/pico/pico-sdk/src/rp2_common/pico_standard_link/binary_info.c.obj
 *(.init)
 .init          0x00000000100002b8        0x4 /usr/lib/gcc/arm-none-eabi/10.3.1/thumb/v6-m/nofp/crti.o
                0x00000000100002b8                _init
 *(EXCLUDE_FILE(*libm.a: *libc.a:*lib_a-mem*.o *libgcc.a:) .text*)
 .text          0x00000000100002bc       0x98 /usr/lib/gcc/arm-none-eabi/10.3.1/thumb/v6-m/nofp/crtbegin.o
 .text.gpio_callback
                0x0000000010000354       0xf4 CMakeFiles/irq.dir/irq.c.obj
                0x0000000010000354                gpio_callback
 .text.startup.main
                0x0000000010000448       0x54 CMakeFiles/irq.dir/irq.c.obj
                0x0000000010000448                main
 .text.gpio_default_irq_handler
                0x000000001000049c      0x248 CMakeFiles/irq.dir/home/vinke/Documents/Pi_Pico/c/pico/pico-sdk/src/rp2_common/hardware_gpio/gpio.c.obj
 .text.gpio_set_irq_enabled_with_callback
                0x00000000100006e4       0xb0 CMakeFiles/irq.dir/home/vinke/Documents/Pi_Pico/c/pico/pico-sdk/src/rp2_common/hardware_gpio/gpio.c.obj
                0x00000000100006e4                gpio_set_irq_enabled_with_callback
 .text.gpio_init
                0x0000000010000794       0x3c CMakeFiles/irq.dir/home/vinke/Documents/Pi_Pico/c/pico/pico-sdk/src/rp2_common/hardware_gpio/gpio.c.obj
                0x0000000010000794                gpio_init
 .text.running_on_fpga
                0x00000000100007d0       0x10 CMakeFiles/irq.dir/home/vinke/Documents/Pi_Pico/c/pico/pico-sdk/src/rp2_common/pico_platform/platform.c.obj
                0x00000000100007d0                running_on_fpga
 .text.hw_claim_or_assert
                0x00000000100007e0       0x44 CMakeFiles/irq.dir/home/vinke/Documents/Pi_Pico/c/pico/pico-sdk/src/rp2_common/hardware_claim/claim.c.obj
                0x00000000100007e0                hw_claim_or_assert
 .text.hw_claim_unused_from_range
                0x0000000010000824       0x9c CMakeFiles/irq.dir/home/vinke/Documents/Pi_Pico/c/pico/pico-sdk/src/rp2_common/hardware_claim/claim.c.obj
                0x0000000010000824                hw_claim_unused_from_range
 .text.spin_locks_reset
                0x00000000100008c0       0x1c CMakeFiles/irq.dir/home/vinke/Documents/Pi_Pico/c/pico/pico-sdk/src/rp2_common/hardware_sync/sync.c.obj
                0x00000000100008c0                spin_locks_reset
 .text.next_striped_spin_lock_num
                0x00000000100008dc       0x18 CMakeFiles/irq.dir/home/vinke/Documents/Pi_Pico/c/pico/pico-sdk/src/rp2_common/hardware_sync/sync.c.obj
                0x00000000100008dc                next_striped_spin_lock_num
 .text.spin_lock_claim_unused
                0x00000000100008f4       0x20 CMakeFiles/irq.dir/home/vinke/Documents/Pi_Pico/c/pico/pico-sdk/src/rp2_common/hardware_sync/sync.c.obj
                0x00000000100008f4                spin_lock_claim_unused
 .text.irq_set_enabled
                0x0000000010000914       0x24 CMakeFiles/irq.dir/home/vinke/Documents/Pi_Pico/c/pico/pico-sdk/src/rp2_common/hardware_irq/irq.c.obj
                0x0000000010000914                irq_set_enabled
 .text.irq_set_pending
                0x0000000010000938       0x10 CMakeFiles/irq.dir/home/vinke/Documents/Pi_Pico/c/pico/pico-sdk/src/rp2_common/hardware_irq/irq.c.obj
                0x0000000010000938                irq_set_pending
 .text.irq_has_shared_handler
                0x0000000010000948       0x2c CMakeFiles/irq.dir/home/vinke/Documents/Pi_Pico/c/pico/pico-sdk/src/rp2_common/hardware_irq/irq.c.obj
                0x0000000010000948                irq_has_shared_handler
 .text.irq_get_vtable_handler
                0x0000000010000974       0x10 CMakeFiles/irq.dir/home/vinke/Documents/Pi_Pico/c/pico/pico-sdk/src/rp2_common/hardware_irq/irq.c.obj
                0x0000000010000974                irq_get_vtable_handler
 .text.irq_set_exclusive_handler
                0x0000000010000984       0x54 CMakeFiles/irq.dir/home/vinke/Documents/Pi_Pico/c/pico/pico-sdk/src/rp2_common/hardware_irq/irq.c.obj
                0x0000000010000984                irq_set_exclusive_handler
 .text.irq_add_shared_handler
                0x00000000100009d8      0x1e8 CMakeFiles/irq.dir/home/vinke/Documents/Pi_Pico/c/pico/pico-sdk/src/rp2_common/hardware_irq/irq.c.obj
                0x00000000100009d8                irq_add_shared_handler
 .text.irq_remove_handler
                0x0000000010000bc0      0x1b0 CMakeFiles/irq.dir/home/vinke/Documents/Pi_Pico/c/pico/pico-sdk/src/rp2_common/hardware_irq/irq.c.obj
                0x0000000010000bc0                irq_remove_handler
 .text.irq_add_tail_to_free_list
                0x0000000010000d70       0xb4 CMakeFiles/irq.dir/home/vinke/Documents/Pi_Pico/c/pico/pico-sdk/src/rp2_common/hardware_irq/irq.c.obj
                0x0000000010000d70                irq_add_tail_to_free_list
 .text.irq_init_priorities
                0x0000000010000e24       0x24 CMakeFiles/irq.dir/home/vinke/Documents/Pi_Pico/c/pico/pico-sdk/src/rp2_common/hardware_irq/irq.c.obj
                0x0000000010000e24                irq_init_priorities
 .text.user_irq_claim_unused
                0x0000000010000e48       0x28 CMakeFiles/irq.dir/home/vinke/Documents/Pi_Pico/c/pico/pico-sdk/src/rp2_common/hardware_irq/irq.c.obj
                0x0000000010000e48                user_irq_claim_unused
 .text.lock_init
                0x0000000010000e70       0x10 CMakeFiles/irq.dir/home/vinke/Documents/Pi_Pico/c/pico/pico-sdk/src/common/pico_sync/lock_core.c.obj
                0x0000000010000e70                lock_init
 .text.mutex_init
                0x0000000010000e80       0x1c CMakeFiles/irq.dir/home/vinke/Documents/Pi_Pico/c/pico/pico-sdk/src/common/pico_sync/mutex.c.obj
                0x0000000010000e80                mutex_init
 .text.recursive_mutex_init
                0x0000000010000e9c       0x1c CMakeFiles/irq.dir/home/vinke/Documents/Pi_Pico/c/pico/pico-sdk/src/common/pico_sync/mutex.c.obj
                0x0000000010000e9c                recursive_mutex_init
 .text.critical_section_init
                0x0000000010000eb8       0x20 CMakeFiles/irq.dir/home/vinke/Documents/Pi_Pico/c/pico/pico-sdk/src/common/pico_sync/critical_section.c.obj
                0x0000000010000eb8                critical_section_init
 .text.critical_section_init_with_lock_num
                0x0000000010000ed8       0x14 CMakeFiles/irq.dir/home/vinke/Documents/Pi_Pico/c/pico/pico-sdk/src/common/pico_sync/critical_section.c.obj
                0x0000000010000ed8                critical_section_init_with_lock_num
 .text.timer_pool_entry_comparator
                0x0000000010000eec       0x34 CMakeFiles/irq.dir/home/vinke/Documents/Pi_Pico/c/pico/pico-sdk/src/common/pico_time/time.c.obj
                0x0000000010000eec                timer_pool_entry_comparator
 .text.sleep_until_callback
                0x0000000010000f20       0x30 CMakeFiles/irq.dir/home/vinke/Documents/Pi_Pico/c/pico/pico-sdk/src/common/pico_time/time.c.obj
 .text.add_alarm_under_lock.isra.0
                0x0000000010000f50      0x100 CMakeFiles/irq.dir/home/vinke/Documents/Pi_Pico/c/pico/pico-sdk/src/common/pico_time/time.c.obj
 .text.alarm_pool_alarm_callback
                0x0000000010001050      0x1bc CMakeFiles/irq.dir/home/vinke/Documents/Pi_Pico/c/pico/pico-sdk/src/common/pico_time/time.c.obj
 .text.alarm_pool_init_default
                0x000000001000120c       0x6c CMakeFiles/irq.dir/home/vinke/Documents/Pi_Pico/c/pico/pico-sdk/src/common/pico_time/time.c.obj
                0x000000001000120c                alarm_pool_init_default
 .text.alarm_pool_get_default
                0x0000000010001278        0x8 CMakeFiles/irq.dir/home/vinke/Documents/Pi_Pico/c/pico/pico-sdk/src/common/pico_time/time.c.obj
                0x0000000010001278                alarm_pool_get_default
 .text.alarm_pool_add_alarm_at
                0x0000000010001280      0x178 CMakeFiles/irq.dir/home/vinke/Documents/Pi_Pico/c/pico/pico-sdk/src/common/pico_time/time.c.obj
                0x0000000010001280                alarm_pool_add_alarm_at
 .text.alarm_pool_core_num
                0x00000000100013f8        0x4 CMakeFiles/irq.dir/home/vinke/Documents/Pi_Pico/c/pico/pico-sdk/src/common/pico_time/time.c.obj
                0x00000000100013f8                alarm_pool_core_num
 .text.sleep_until
                0x00000000100013fc       0xc4 CMakeFiles/irq.dir/home/vinke/Documents/Pi_Pico/c/pico/pico-sdk/src/common/pico_time/time.c.obj
                0x00000000100013fc                sleep_until
 .text.sleep_ms
                0x00000000100014c0       0x34 CMakeFiles/irq.dir/home/vinke/Documents/Pi_Pico/c/pico/pico-sdk/src/common/pico_time/time.c.obj
                0x00000000100014c0                sleep_ms
 .text.best_effort_wfe_or_timeout
                0x00000000100014f4       0xd4 CMakeFiles/irq.dir/home/vinke/Documents/Pi_Pico/c/pico/pico-sdk/src/common/pico_time/time.c.obj
                0x00000000100014f4                best_effort_wfe_or_timeout
 .text.hardware_alarm_irq_handler
                0x00000000100015c8       0xbc CMakeFiles/irq.dir/home/vinke/Documents/Pi_Pico/c/pico/pico-sdk/src/rp2_common/hardware_timer/timer.c.obj
 .text.hardware_alarm_claim
                0x0000000010001684       0x18 CMakeFiles/irq.dir/home/vinke/Documents/Pi_Pico/c/pico/pico-sdk/src/rp2_common/hardware_timer/timer.c.obj
                0x0000000010001684                hardware_alarm_claim
 .text.time_us_64
                0x000000001000169c       0x14 CMakeFiles/irq.dir/home/vinke/Documents/Pi_Pico/c/pico/pico-sdk/src/rp2_common/hardware_timer/timer.c.obj
                0x000000001000169c                time_us_64
 .text.busy_wait_until
                0x00000000100016b0       0x20 CMakeFiles/irq.dir/home/vinke/Documents/Pi_Pico/c/pico/pico-sdk/src/rp2_common/hardware_timer/timer.c.obj
                0x00000000100016b0                busy_wait_until
 .text.hardware_alarm_set_callback
                0x00000000100016d0       0x8c CMakeFiles/irq.dir/home/vinke/Documents/Pi_Pico/c/pico/pico-sdk/src/rp2_common/hardware_timer/timer.c.obj
                0x00000000100016d0                hardware_alarm_set_callback
 .text.hardware_alarm_set_target
                0x000000001000175c       0xd4 CMakeFiles/irq.dir/home/vinke/Documents/Pi_Pico/c/pico/pico-sdk/src/rp2_common/hardware_timer/timer.c.obj
                0x000000001000175c                hardware_alarm_set_target
 .text.hardware_alarm_cancel
                0x0000000010001830       0x3c CMakeFiles/irq.dir/home/vinke/Documents/Pi_Pico/c/pico/pico-sdk/src/rp2_common/hardware_timer/timer.c.obj
                0x0000000010001830                hardware_alarm_cancel
 .text.ph_merge_nodes
                0x000000001000186c       0x68 CMakeFiles/irq.dir/home/vinke/Documents/Pi_Pico/c/pico/pico-sdk/src/common/pico_util/pheap.c.obj
 .text.ph_post_alloc_init
                0x00000000100018d4       0x3c CMakeFiles/irq.dir/home/vinke/Documents/Pi_Pico/c/pico/pico-sdk/src/common/pico_util/pheap.c.obj
                0x00000000100018d4                ph_post_alloc_init
 .text.ph_merge_two_pass
                0x0000000010001910       0x90 CMakeFiles/irq.dir/home/vinke/Documents/Pi_Pico/c/pico/pico-sdk/src/common/pico_util/pheap.c.obj
                0x0000000010001910                ph_merge_two_pass
 .text.ph_remove_any_head
                0x00000000100019a0      0x100 CMakeFiles/irq.dir/home/vinke/Documents/Pi_Pico/c/pico/pico-sdk/src/common/pico_util/pheap.c.obj
 .text.ph_remove_head
                0x0000000010001aa0      0x104 CMakeFiles/irq.dir/home/vinke/Documents/Pi_Pico/c/pico/pico-sdk/src/common/pico_util/pheap.c.obj
                0x0000000010001aa0                ph_remove_head
 .text.ph_remove_and_free_node
                0x0000000010001ba4       0x7c CMakeFiles/irq.dir/home/vinke/Documents/Pi_Pico/c/pico/pico-sdk/src/common/pico_util/pheap.c.obj
                0x0000000010001ba4                ph_remove_and_free_node
 .text.clocks_init
                0x0000000010001c20      0x2d0 CMakeFiles/irq.dir/home/vinke/Documents/Pi_Pico/c/pico/pico-sdk/src/rp2_common/hardware_clocks/clocks.c.obj
                0x0000000010001c20                clocks_init
 .text.pll_init
                0x0000000010001ef0       0xa0 CMakeFiles/irq.dir/home/vinke/Documents/Pi_Pico/c/pico/pico-sdk/src/rp2_common/hardware_pll/pll.c.obj
                0x0000000010001ef0                pll_init
 .text.watchdog_start_tick
                0x0000000010001f90       0x10 CMakeFiles/irq.dir/home/vinke/Documents/Pi_Pico/c/pico/pico-sdk/src/rp2_common/hardware_watchdog/watchdog.c.obj
                0x0000000010001f90                watchdog_start_tick
 .text.watchdog_reboot
                0x0000000010001fa0       0x98 CMakeFiles/irq.dir/home/vinke/Documents/Pi_Pico/c/pico/pico-sdk/src/rp2_common/hardware_watchdog/watchdog.c.obj
                0x0000000010001fa0                watchdog_reboot
 .text.xosc_init
                0x0000000010002038       0x28 CMakeFiles/irq.dir/home/vinke/Documents/Pi_Pico/c/pico/pico-sdk/src/rp2_common/hardware_xosc/xosc.c.obj
                0x0000000010002038                xosc_init
 .text.runtime_init
                0x0000000010002060       0xf0 CMakeFiles/irq.dir/home/vinke/Documents/Pi_Pico/c/pico/pico-sdk/src/rp2_common/pico_runtime/runtime.c.obj
                0x0000000010002060                runtime_init
 .text._exit    0x0000000010002150        0x4 CMakeFiles/irq.dir/home/vinke/Documents/Pi_Pico/c/pico/pico-sdk/src/rp2_common/pico_runtime/runtime.c.obj
                0x0000000010002150                _exit
 .text.exit     0x0000000010002154        0x8 CMakeFiles/irq.dir/home/vinke/Documents/Pi_Pico/c/pico/pico-sdk/src/rp2_common/pico_runtime/runtime.c.obj
                0x0000000010002154                exit
 .text.panic    0x000000001000215c       0x30 CMakeFiles/irq.dir/home/vinke/Documents/Pi_Pico/c/pico/pico-sdk/src/rp2_common/pico_runtime/runtime.c.obj
                0x000000001000215c                panic
 .text.hard_assertion_failure
                0x000000001000218c        0xc CMakeFiles/irq.dir/home/vinke/Documents/Pi_Pico/c/pico/pico-sdk/src/rp2_common/pico_runtime/runtime.c.obj
                0x000000001000218c                hard_assertion_failure
 .text._out_null
                0x0000000010002198        0x4 CMakeFiles/irq.dir/home/vinke/Documents/Pi_Pico/c/pico/pico-sdk/src/rp2_common/pico_printf/printf.c.obj
 .text._out_rev
                0x000000001000219c       0x9c CMakeFiles/irq.dir/home/vinke/Documents/Pi_Pico/c/pico/pico-sdk/src/rp2_common/pico_printf/printf.c.obj
 .text._ntoa_format
                0x0000000010002238      0x1cc CMakeFiles/irq.dir/home/vinke/Documents/Pi_Pico/c/pico/pico-sdk/src/rp2_common/pico_printf/printf.c.obj
 .text._out_char
                0x0000000010002404       0x10 CMakeFiles/irq.dir/home/vinke/Documents/Pi_Pico/c/pico/pico-sdk/src/rp2_common/pico_printf/printf.c.obj
 .text._out_fct
                0x0000000010002414       0x10 CMakeFiles/irq.dir/home/vinke/Documents/Pi_Pico/c/pico/pico-sdk/src/rp2_common/pico_printf/printf.c.obj
 .text._etoa    0x0000000010002424      0x44c CMakeFiles/irq.dir/home/vinke/Documents/Pi_Pico/c/pico/pico-sdk/src/rp2_common/pico_printf/printf.c.obj
 .text._ftoa    0x0000000010002870      0x398 CMakeFiles/irq.dir/home/vinke/Documents/Pi_Pico/c/pico/pico-sdk/src/rp2_common/pico_printf/printf.c.obj
 .text._vsnprintf
                0x0000000010002c08      0xb04 CMakeFiles/irq.dir/home/vinke/Documents/Pi_Pico/c/pico/pico-sdk/src/rp2_common/pico_printf/printf.c.obj
 .text.vfctprintf
                0x000000001000370c       0x20 CMakeFiles/irq.dir/home/vinke/Documents/Pi_Pico/c/pico/pico-sdk/src/rp2_common/pico_printf/printf.c.obj
                0x000000001000370c                vfctprintf
 .text.weak_raw_vprintf
                0x000000001000372c       0x30 CMakeFiles/irq.dir/home/vinke/Documents/Pi_Pico/c/pico/pico-sdk/src/rp2_common/pico_printf/printf.c.obj
                0x000000001000372c                weak_raw_vprintf
 .text          0x000000001000375c       0x10 CMakeFiles/irq.dir/home/vinke/Documents/Pi_Pico/c/pico/pico-sdk/src/rp2_common/pico_bit_ops/bit_ops_aeabi.S.obj
 .text.rom_func_lookup
                0x000000001000376c       0x10 CMakeFiles/irq.dir/home/vinke/Documents/Pi_Pico/c/pico/pico-sdk/src/rp2_common/pico_bootrom/bootrom.c.obj
                0x000000001000376c                rom_func_lookup
 .text.rom_data_lookup
                0x000000001000377c       0x10 CMakeFiles/irq.dir/home/vinke/Documents/Pi_Pico/c/pico/pico-sdk/src/rp2_common/pico_bootrom/bootrom.c.obj
                0x000000001000377c                rom_data_lookup
 .text.rom_funcs_lookup
                0x000000001000378c       0x44 CMakeFiles/irq.dir/home/vinke/Documents/Pi_Pico/c/pico/pico-sdk/src/rp2_common/pico_bootrom/bootrom.c.obj
                0x000000001000378c                rom_funcs_lookup
 .text.__wrap___aeabi_idiv
                0x00000000100037d0       0x50 CMakeFiles/irq.dir/home/vinke/Documents/Pi_Pico/c/pico/pico-sdk/src/rp2_common/pico_divider/divider.S.obj
                0x00000000100037d0                __wrap___aeabi_idivmod
                0x00000000100037d0                divmod_s32s32
                0x00000000100037d0                div_s32s32
                0x00000000100037d0                __wrap___aeabi_idiv
                0x00000000100037d8                divmod_s32s32_unsafe
                0x0000000010003804                divmod_s32s32_savestate
 .text.__wrap___aeabi_uidiv
                0x0000000010003820       0x4c CMakeFiles/irq.dir/home/vinke/Documents/Pi_Pico/c/pico/pico-sdk/src/rp2_common/pico_divider/divider.S.obj
                0x0000000010003820                __wrap___aeabi_uidiv
                0x0000000010003820                __wrap___aeabi_uidivmod
                0x0000000010003820                div_u32u32
                0x0000000010003820                divmod_u32u32
                0x0000000010003828                divmod_u32u32_unsafe
                0x0000000010003850                divmod_u32u32_savestate
 .text.__wrap___aeabi_ldiv
                0x000000001000386c      0x424 CMakeFiles/irq.dir/home/vinke/Documents/Pi_Pico/c/pico/pico-sdk/src/rp2_common/pico_divider/divider.S.obj
                0x000000001000386c                div_s64s64
                0x000000001000386c                divmod_s64s64
                0x000000001000386c                __wrap___aeabi_ldivmod
                0x000000001000389c                div_u64u64
                0x000000001000389c                divmod_u64u64
                0x000000001000389c                __wrap___aeabi_uldivmod
                0x00000000100038ac                divmod_u64u64_savestate
                0x00000000100038cc                divmod_s64s64_unsafe
                0x0000000010003954                divmod_u64u64_unsafe
 .text.__wrap___aeabi_darithmetic
                0x0000000010003c90       0x80 CMakeFiles/irq.dir/home/vinke/Documents/Pi_Pico/c/pico/pico-sdk/src/rp2_common/pico_double/double_aeabi.S.obj
                0x0000000010003c90                __wrap___aeabi_drsub
                0x0000000010003c96                __wrap___aeabi_dsub
                0x0000000010003ca8                __wrap___aeabi_dadd
                0x0000000010003cba                __wrap___aeabi_ddiv
                0x0000000010003cf6                __wrap___aeabi_dmul
 .text.__wrap___aeabi_cdcmple
                0x0000000010003d10       0x6c CMakeFiles/irq.dir/home/vinke/Documents/Pi_Pico/c/pico/pico-sdk/src/rp2_common/pico_double/double_aeabi.S.obj
                0x0000000010003d10                __wrap___aeabi_cdrcmple
                0x0000000010003d20                __wrap___aeabi_cdcmple
                0x0000000010003d20                __wrap___aeabi_cdcmpeq
 .text.__wrap___aeabi_dcmplt
                0x0000000010003d7c        0xc CMakeFiles/irq.dir/home/vinke/Documents/Pi_Pico/c/pico/pico-sdk/src/rp2_common/pico_double/double_aeabi.S.obj
                0x0000000010003d7c                __wrap___aeabi_dcmplt
 .text.__wrap___aeabi_dcmple
                0x0000000010003d88       0x10 CMakeFiles/irq.dir/home/vinke/Documents/Pi_Pico/c/pico/pico-sdk/src/rp2_common/pico_double/double_aeabi.S.obj
                0x0000000010003d88                __wrap___aeabi_dcmple
 .text.__wrap___aeabi_dcmpge
                0x0000000010003d98       0x10 CMakeFiles/irq.dir/home/vinke/Documents/Pi_Pico/c/pico/pico-sdk/src/rp2_common/pico_double/double_aeabi.S.obj
                0x0000000010003d98                __wrap___aeabi_dcmpge
 .text.__wrap___aeabi_dcmpgt
                0x0000000010003da8        0xa CMakeFiles/irq.dir/home/vinke/Documents/Pi_Pico/c/pico/pico-sdk/src/rp2_common/pico_double/double_aeabi.S.obj
                0x0000000010003da8                __wrap___aeabi_dcmpgt
 .text.__wrap___aeabi_dcmpun
                0x0000000010003db2       0x1c CMakeFiles/irq.dir/home/vinke/Documents/Pi_Pico/c/pico/pico-sdk/src/rp2_common/pico_double/double_aeabi.S.obj
                0x0000000010003db2                __wrap___aeabi_dcmpun
 *fill*         0x0000000010003dce        0x2 
 .text.__wrap___aeabi_i2d
                0x0000000010003dd0       0x38 CMakeFiles/irq.dir/home/vinke/Documents/Pi_Pico/c/pico/pico-sdk/src/rp2_common/pico_double/double_aeabi.S.obj
                0x0000000010003dd0                __wrap___aeabi_ui2d
                0x0000000010003dd8                __wrap___aeabi_i2d
 .text.__wrap___aeabi_d2iz
                0x0000000010003e08       0x48 CMakeFiles/irq.dir/home/vinke/Documents/Pi_Pico/c/pico/pico-sdk/src/rp2_common/pico_double/double_aeabi.S.obj
                0x0000000010003e08                __wrap___aeabi_d2iz
                0x0000000010003e08                double2int_z
 .text.__wrap___aeabi_d2uiz
                0x0000000010003e50       0x18 CMakeFiles/irq.dir/home/vinke/Documents/Pi_Pico/c/pico/pico-sdk/src/rp2_common/pico_double/double_aeabi.S.obj
                0x0000000010003e50                double2uint
                0x0000000010003e50                __wrap___aeabi_d2uiz
 .text.__aeabi_double_init
                0x0000000010003e68       0x94 CMakeFiles/irq.dir/home/vinke/Documents/Pi_Pico/c/pico/pico-sdk/src/rp2_common/pico_double/double_init_rom.c.obj
                0x0000000010003e68                __aeabi_double_init
 .text.double_table_shim_on_use_helper
                0x0000000010003efc       0x2c CMakeFiles/irq.dir/home/vinke/Documents/Pi_Pico/c/pico/pico-sdk/src/rp2_common/pico_double/double_v1_rom_shim.S.obj
                0x0000000010003efc                double_table_shim_on_use_helper
 .text.__wrap___aeabi_dsub
                0x0000000010003f28       0x10 CMakeFiles/irq.dir/home/vinke/Documents/Pi_Pico/c/pico/pico-sdk/src/rp2_common/pico_double/double_v1_rom_shim.S.obj
                0x0000000010003f28                drsub_shim
                0x0000000010003f2e                dsub_shim
 .text.dadd_shim
                0x0000000010003f38      0x15c CMakeFiles/irq.dir/home/vinke/Documents/Pi_Pico/c/pico/pico-sdk/src/rp2_common/pico_double/double_v1_rom_shim.S.obj
                0x0000000010003f38                dadd_shim
 .text.dmul_shim
                0x0000000010004094      0x15c CMakeFiles/irq.dir/home/vinke/Documents/Pi_Pico/c/pico/pico-sdk/src/rp2_common/pico_double/double_v1_rom_shim.S.obj
                0x0000000010004094                dmul_shim
 .text.ddiv_shim
                0x00000000100041f0      0x1b0 CMakeFiles/irq.dir/home/vinke/Documents/Pi_Pico/c/pico/pico-sdk/src/rp2_common/pico_double/double_v1_rom_shim.S.obj
                0x00000000100041f0                ddiv_shim
 .text.double2uint_shim
                0x00000000100043a0        0xe CMakeFiles/irq.dir/home/vinke/Documents/Pi_Pico/c/pico/pico-sdk/src/rp2_common/pico_double/double_v1_rom_shim.S.obj
                0x00000000100043a0                double2uint_shim
                0x00000000100043a2                double2ufix_shim
 *fill*         0x00000000100043ae        0x2 
 .text.double2uint64_shim
                0x00000000100043b0       0x70 CMakeFiles/irq.dir/home/vinke/Documents/Pi_Pico/c/pico/pico-sdk/src/rp2_common/pico_double/double_v1_rom_shim.S.obj
                0x00000000100043b0                double2uint64_shim
                0x00000000100043b2                double2ufix64_shim
                0x00000000100043d2                d2fix_a
 .text.dunpacks
                0x0000000010004420       0x3c CMakeFiles/irq.dir/home/vinke/Documents/Pi_Pico/c/pico/pico-sdk/src/rp2_common/pico_double/double_v1_rom_shim.S.obj
                0x0000000010004420                dunpacks
 .text.__aeabi_lmul
                0x000000001000445c       0x32 CMakeFiles/irq.dir/home/vinke/Documents/Pi_Pico/c/pico/pico-sdk/src/rp2_common/pico_int64_ops/pico_int64_ops_aeabi.S.obj
                0x000000001000445c                __wrap___aeabi_lmul
 *fill*         0x000000001000448e        0x2 
 .text.__aeabi_float_init
                0x0000000010004490       0x64 CMakeFiles/irq.dir/home/vinke/Documents/Pi_Pico/c/pico/pico-sdk/src/rp2_common/pico_float/float_init_rom.c.obj
                0x0000000010004490                __aeabi_float_init
 .text.float_table_shim_on_use_helper
                0x00000000100044f4       0x2c CMakeFiles/irq.dir/home/vinke/Documents/Pi_Pico/c/pico/pico-sdk/src/rp2_common/pico_float/float_v1_rom_shim.S.obj
                0x00000000100044f4                float_table_shim_on_use_helper
 .text          0x0000000010004520       0x10 CMakeFiles/irq.dir/home/vinke/Documents/Pi_Pico/c/pico/pico-sdk/src/rp2_common/pico_mem_ops/mem_ops_aeabi.S.obj
                0x0000000010004520                __aeabi_mem_init
 .text.memset   0x0000000010004530        0xc CMakeFiles/irq.dir/home/vinke/Documents/Pi_Pico/c/pico/pico-sdk/src/rp2_common/pico_mem_ops/mem_ops_aeabi.S.obj
                0x0000000010004530                __wrap_memset
 .text.memcpy   0x000000001000453c        0xc CMakeFiles/irq.dir/home/vinke/Documents/Pi_Pico/c/pico/pico-sdk/src/rp2_common/pico_mem_ops/mem_ops_aeabi.S.obj
                0x000000001000453c                __wrap___aeabi_memcpy
                0x000000001000453c                __wrap_memcpy
 .text.stdio_out_chars_no_crlf
                0x0000000010004548       0x10 CMakeFiles/irq.dir/home/vinke/Documents/Pi_Pico/c/pico/pico-sdk/src/rp2_common/pico_stdio/stdio.c.obj
 .text.stdio_out_chars_crlf
                0x0000000010004558       0xb4 CMakeFiles/irq.dir/home/vinke/Documents/Pi_Pico/c/pico/pico-sdk/src/rp2_common/pico_stdio/stdio.c.obj
 .text.stdio_buffered_printer
                0x000000001000460c       0x64 CMakeFiles/irq.dir/home/vinke/Documents/Pi_Pico/c/pico/pico-sdk/src/rp2_common/pico_stdio/stdio.c.obj
 .text.stdio_put_string.isra.0
                0x0000000010004670       0xfc CMakeFiles/irq.dir/home/vinke/Documents/Pi_Pico/c/pico/pico-sdk/src/rp2_common/pico_stdio/stdio.c.obj
 .text.__wrap_putchar
                0x000000001000476c       0x98 CMakeFiles/irq.dir/home/vinke/Documents/Pi_Pico/c/pico/pico-sdk/src/rp2_common/pico_stdio/stdio.c.obj
                0x000000001000476c                __wrap_putchar
 .text.__wrap_puts
                0x0000000010004804       0x3c CMakeFiles/irq.dir/home/vinke/Documents/Pi_Pico/c/pico/pico-sdk/src/rp2_common/pico_stdio/stdio.c.obj
                0x0000000010004804                __wrap_puts
 .text.stdio_set_driver_enabled
                0x0000000010004840       0x30 CMakeFiles/irq.dir/home/vinke/Documents/Pi_Pico/c/pico/pico-sdk/src/rp2_common/pico_stdio/stdio.c.obj
                0x0000000010004840                stdio_set_driver_enabled
 .text.__wrap_vprintf
                0x0000000010004870       0xd8 CMakeFiles/irq.dir/home/vinke/Documents/Pi_Pico/c/pico/pico-sdk/src/rp2_common/pico_stdio/stdio.c.obj
                0x0000000010004870                __wrap_vprintf
 .text.__wrap_printf
                0x0000000010004948       0x18 CMakeFiles/irq.dir/home/vinke/Documents/Pi_Pico/c/pico/pico-sdk/src/rp2_common/pico_stdio/stdio.c.obj
                0x0000000010004948                __wrap_printf
 .text.stdio_init_all
                0x0000000010004960        0x8 CMakeFiles/irq.dir/home/vinke/Documents/Pi_Pico/c/pico/pico-sdk/src/rp2_common/pico_stdio/stdio.c.obj
                0x0000000010004960                stdio_init_all
 .text.resetd_init
                0x0000000010004968        0x4 CMakeFiles/irq.dir/home/vinke/Documents/Pi_Pico/c/pico/pico-sdk/src/rp2_common/pico_stdio_usb/reset_interface.c.obj
 .text.resetd_reset
                0x000000001000496c        0xc CMakeFiles/irq.dir/home/vinke/Documents/Pi_Pico/c/pico/pico-sdk/src/rp2_common/pico_stdio_usb/reset_interface.c.obj
 .text.resetd_open
                0x0000000010004978       0x28 CMakeFiles/irq.dir/home/vinke/Documents/Pi_Pico/c/pico/pico-sdk/src/rp2_common/pico_stdio_usb/reset_interface.c.obj
 .text.resetd_xfer_cb
                0x00000000100049a0        0x4 CMakeFiles/irq.dir/home/vinke/Documents/Pi_Pico/c/pico/pico-sdk/src/rp2_common/pico_stdio_usb/reset_interface.c.obj
 .text.resetd_control_xfer_cb
                0x00000000100049a4       0x64 CMakeFiles/irq.dir/home/vinke/Documents/Pi_Pico/c/pico/pico-sdk/src/rp2_common/pico_stdio_usb/reset_interface.c.obj
 .text.usbd_app_driver_get_cb
                0x0000000010004a08        0xc CMakeFiles/irq.dir/home/vinke/Documents/Pi_Pico/c/pico/pico-sdk/src/rp2_common/pico_stdio_usb/reset_interface.c.obj
                0x0000000010004a08                usbd_app_driver_get_cb
 .text.tud_cdc_line_coding_cb
                0x0000000010004a14       0x34 CMakeFiles/irq.dir/home/vinke/Documents/Pi_Pico/c/pico/pico-sdk/src/rp2_common/pico_stdio_usb/reset_interface.c.obj
                0x0000000010004a14                tud_cdc_line_coding_cb
 .text.stdio_usb_set_chars_available_callback
                0x0000000010004a48       0x14 CMakeFiles/irq.dir/home/vinke/Documents/Pi_Pico/c/pico/pico-sdk/src/rp2_common/pico_stdio_usb/stdio_usb.c.obj
                0x0000000010004a48                stdio_usb_set_chars_available_callback
 .text.usb_irq  0x0000000010004a5c       0x10 CMakeFiles/irq.dir/home/vinke/Documents/Pi_Pico/c/pico/pico-sdk/src/rp2_common/pico_stdio_usb/stdio_usb.c.obj
 .text.timer_task
                0x0000000010004a6c       0x54 CMakeFiles/irq.dir/home/vinke/Documents/Pi_Pico/c/pico/pico-sdk/src/rp2_common/pico_stdio_usb/stdio_usb.c.obj
 .text.stdio_usb_in_chars
                0x0000000010004ac0       0x90 CMakeFiles/irq.dir/home/vinke/Documents/Pi_Pico/c/pico/pico-sdk/src/rp2_common/pico_stdio_usb/stdio_usb.c.obj
                0x0000000010004ac0                stdio_usb_in_chars
 .text.stdio_usb_out_chars
                0x0000000010004b50      0x100 CMakeFiles/irq.dir/home/vinke/Documents/Pi_Pico/c/pico/pico-sdk/src/rp2_common/pico_stdio_usb/stdio_usb.c.obj
 .text.low_priority_worker_irq
                0x0000000010004c50       0xa8 CMakeFiles/irq.dir/home/vinke/Documents/Pi_Pico/c/pico/pico-sdk/src/rp2_common/pico_stdio_usb/stdio_usb.c.obj
 .text.tud_cdc_rx_cb
                0x0000000010004cf8       0x20 CMakeFiles/irq.dir/home/vinke/Documents/Pi_Pico/c/pico/pico-sdk/src/rp2_common/pico_stdio_usb/stdio_usb.c.obj
                0x0000000010004cf8                tud_cdc_rx_cb
 .text.stdio_usb_init
                0x0000000010004d18       0xdc CMakeFiles/irq.dir/home/vinke/Documents/Pi_Pico/c/pico/pico-sdk/src/rp2_common/pico_stdio_usb/stdio_usb.c.obj
                0x0000000010004d18                stdio_usb_init
 .text.tud_descriptor_device_cb
                0x0000000010004df4        0x8 CMakeFiles/irq.dir/home/vinke/Documents/Pi_Pico/c/pico/pico-sdk/src/rp2_common/pico_stdio_usb/stdio_usb_descriptors.c.obj
                0x0000000010004df4                tud_descriptor_device_cb
 .text.tud_descriptor_configuration_cb
                0x0000000010004dfc        0x8 CMakeFiles/irq.dir/home/vinke/Documents/Pi_Pico/c/pico/pico-sdk/src/rp2_common/pico_stdio_usb/stdio_usb_descriptors.c.obj
                0x0000000010004dfc                tud_descriptor_configuration_cb
 .text.tud_descriptor_string_cb
                0x0000000010004e04       0x74 CMakeFiles/irq.dir/home/vinke/Documents/Pi_Pico/c/pico/pico-sdk/src/rp2_common/pico_stdio_usb/stdio_usb_descriptors.c.obj
                0x0000000010004e04                tud_descriptor_string_cb
 .text.startup._retrieve_unique_id_on_boot
                0x0000000010004e78       0x10 CMakeFiles/irq.dir/home/vinke/Documents/Pi_Pico/c/pico/pico-sdk/src/rp2_common/pico_unique_id/unique_id.c.obj
 .text.pico_get_unique_board_id_string
                0x0000000010004e88      0x1a8 CMakeFiles/irq.dir/home/vinke/Documents/Pi_Pico/c/pico/pico-sdk/src/rp2_common/pico_unique_id/unique_id.c.obj
                0x0000000010004e88                pico_get_unique_board_id_string
 .text.flash_get_unique_id
                0x0000000010005030       0x40 CMakeFiles/irq.dir/home/vinke/Documents/Pi_Pico/c/pico/pico-sdk/src/rp2_common/hardware_flash/flash.c.obj
                0x0000000010005030                flash_get_unique_id
 .text.dcd_int_enable
                0x0000000010005070        0xc CMakeFiles/irq.dir/home/vinke/Documents/Pi_Pico/c/pico/pico-sdk/lib/tinyusb/src/portable/raspberrypi/rp2040/dcd_rp2040.c.obj
                0x0000000010005070                dcd_int_enable
 .text.dcd_set_address
                0x000000001000507c       0x14 CMakeFiles/irq.dir/home/vinke/Documents/Pi_Pico/c/pico/pico-sdk/lib/tinyusb/src/portable/raspberrypi/rp2040/dcd_rp2040.c.obj
                0x000000001000507c                dcd_set_address
 .text.dcd_connect
                0x0000000010005090       0x10 CMakeFiles/irq.dir/home/vinke/Documents/Pi_Pico/c/pico/pico-sdk/lib/tinyusb/src/portable/raspberrypi/rp2040/dcd_rp2040.c.obj
                0x0000000010005090                dcd_connect
 .text.dcd_init
                0x00000000100050a0       0x98 CMakeFiles/irq.dir/home/vinke/Documents/Pi_Pico/c/pico/pico-sdk/lib/tinyusb/src/portable/raspberrypi/rp2040/dcd_rp2040.c.obj
                0x00000000100050a0                dcd_init
 .text.dcd_edpt0_status_complete
                0x0000000010005138       0x1c CMakeFiles/irq.dir/home/vinke/Documents/Pi_Pico/c/pico/pico-sdk/lib/tinyusb/src/portable/raspberrypi/rp2040/dcd_rp2040.c.obj
                0x0000000010005138                dcd_edpt0_status_complete
 .text.dcd_edpt_open
                0x0000000010005154      0x108 CMakeFiles/irq.dir/home/vinke/Documents/Pi_Pico/c/pico/pico-sdk/lib/tinyusb/src/portable/raspberrypi/rp2040/dcd_rp2040.c.obj
                0x0000000010005154                dcd_edpt_open
 .text.dcd_edpt_close_all
                0x000000001000525c        0x8 CMakeFiles/irq.dir/home/vinke/Documents/Pi_Pico/c/pico/pico-sdk/lib/tinyusb/src/portable/raspberrypi/rp2040/dcd_rp2040.c.obj
                0x000000001000525c                dcd_edpt_close_all
 .text.dcd_edpt_xfer
                0x0000000010005264       0x24 CMakeFiles/irq.dir/home/vinke/Documents/Pi_Pico/c/pico/pico-sdk/lib/tinyusb/src/portable/raspberrypi/rp2040/dcd_rp2040.c.obj
                0x0000000010005264                dcd_edpt_xfer
 .text.dcd_edpt_stall
                0x0000000010005288       0x38 CMakeFiles/irq.dir/home/vinke/Documents/Pi_Pico/c/pico/pico-sdk/lib/tinyusb/src/portable/raspberrypi/rp2040/dcd_rp2040.c.obj
                0x0000000010005288                dcd_edpt_stall
 .text.dcd_edpt_clear_stall
                0x00000000100052c0       0x30 CMakeFiles/irq.dir/home/vinke/Documents/Pi_Pico/c/pico/pico-sdk/lib/tinyusb/src/portable/raspberrypi/rp2040/dcd_rp2040.c.obj
                0x00000000100052c0                dcd_edpt_clear_stall
 .text.rp2040_usb_init
                0x00000000100052f0       0x4c CMakeFiles/irq.dir/home/vinke/Documents/Pi_Pico/c/pico/pico-sdk/lib/tinyusb/src/portable/raspberrypi/rp2040/rp2040_usb.c.obj
                0x00000000100052f0                rp2040_usb_init
 .text.hw_endpoint_xfer_start
                0x000000001000533c       0x50 CMakeFiles/irq.dir/home/vinke/Documents/Pi_Pico/c/pico/pico-sdk/lib/tinyusb/src/portable/raspberrypi/rp2040/rp2040_usb.c.obj
                0x000000001000533c                hw_endpoint_xfer_start
 .text.tud_mounted
                0x000000001000538c       0x10 CMakeFiles/irq.dir/home/vinke/Documents/Pi_Pico/c/pico/pico-sdk/lib/tinyusb/src/device/usbd.c.obj
                0x000000001000538c                tud_mounted
 .text.tud_suspended
                0x000000001000539c       0x10 CMakeFiles/irq.dir/home/vinke/Documents/Pi_Pico/c/pico/pico-sdk/lib/tinyusb/src/device/usbd.c.obj
                0x000000001000539c                tud_suspended
 .text.tud_inited
                0x00000000100053ac       0x14 CMakeFiles/irq.dir/home/vinke/Documents/Pi_Pico/c/pico/pico-sdk/lib/tinyusb/src/device/usbd.c.obj
                0x00000000100053ac                tud_inited
 .text.tud_init
                0x00000000100053c0       0xe4 CMakeFiles/irq.dir/home/vinke/Documents/Pi_Pico/c/pico/pico-sdk/lib/tinyusb/src/device/usbd.c.obj
                0x00000000100053c0                tud_init
 .text.tud_task_ext
                0x00000000100054a4      0x854 CMakeFiles/irq.dir/home/vinke/Documents/Pi_Pico/c/pico/pico-sdk/lib/tinyusb/src/device/usbd.c.obj
                0x00000000100054a4                tud_task_ext
 .text.usbd_open_edpt_pair
                0x0000000010005cf8       0x9c CMakeFiles/irq.dir/home/vinke/Documents/Pi_Pico/c/pico/pico-sdk/lib/tinyusb/src/device/usbd.c.obj
                0x0000000010005cf8                usbd_open_edpt_pair
 .text.usbd_defer_func
                0x0000000010005d94       0x48 CMakeFiles/irq.dir/home/vinke/Documents/Pi_Pico/c/pico/pico-sdk/lib/tinyusb/src/device/usbd.c.obj
                0x0000000010005d94                usbd_defer_func
 .text.usbd_edpt_open
                0x0000000010005ddc       0x34 CMakeFiles/irq.dir/home/vinke/Documents/Pi_Pico/c/pico/pico-sdk/lib/tinyusb/src/device/usbd.c.obj
                0x0000000010005ddc                usbd_edpt_open
 .text.usbd_edpt_claim
                0x0000000010005e10       0x28 CMakeFiles/irq.dir/home/vinke/Documents/Pi_Pico/c/pico/pico-sdk/lib/tinyusb/src/device/usbd.c.obj
                0x0000000010005e10                usbd_edpt_claim
 .text.usbd_edpt_release
                0x0000000010005e38       0x28 CMakeFiles/irq.dir/home/vinke/Documents/Pi_Pico/c/pico/pico-sdk/lib/tinyusb/src/device/usbd.c.obj
                0x0000000010005e38                usbd_edpt_release
 .text.usbd_edpt_xfer
                0x0000000010005e60       0x4c CMakeFiles/irq.dir/home/vinke/Documents/Pi_Pico/c/pico/pico-sdk/lib/tinyusb/src/device/usbd.c.obj
                0x0000000010005e60                usbd_edpt_xfer
 .text.tud_control_status
                0x0000000010005eac       0x30 CMakeFiles/irq.dir/home/vinke/Documents/Pi_Pico/c/pico/pico-sdk/lib/tinyusb/src/device/usbd_control.c.obj
                0x0000000010005eac                tud_control_status
 .text.tud_control_xfer
                0x0000000010005edc       0xbc CMakeFiles/irq.dir/home/vinke/Documents/Pi_Pico/c/pico/pico-sdk/lib/tinyusb/src/device/usbd_control.c.obj
                0x0000000010005edc                tud_control_xfer
 .text.usbd_control_reset
                0x0000000010005f98       0x14 CMakeFiles/irq.dir/home/vinke/Documents/Pi_Pico/c/pico/pico-sdk/lib/tinyusb/src/device/usbd_control.c.obj
                0x0000000010005f98                usbd_control_reset
 .text.usbd_control_set_complete_callback
                0x0000000010005fac        0xc CMakeFiles/irq.dir/home/vinke/Documents/Pi_Pico/c/pico/pico-sdk/lib/tinyusb/src/device/usbd_control.c.obj
                0x0000000010005fac                usbd_control_set_complete_callback
 .text.usbd_control_set_request
                0x0000000010005fb8       0x1c CMakeFiles/irq.dir/home/vinke/Documents/Pi_Pico/c/pico/pico-sdk/lib/tinyusb/src/device/usbd_control.c.obj
                0x0000000010005fb8                usbd_control_set_request
 .text.usbd_control_xfer_cb
                0x0000000010005fd4       0xfc CMakeFiles/irq.dir/home/vinke/Documents/Pi_Pico/c/pico/pico-sdk/lib/tinyusb/src/device/usbd_control.c.obj
                0x0000000010005fd4                usbd_control_xfer_cb
 .text.tud_cdc_n_connected
                0x00000000100060d0       0x30 CMakeFiles/irq.dir/home/vinke/Documents/Pi_Pico/c/pico/pico-sdk/lib/tinyusb/src/class/cdc/cdc_device.c.obj
                0x00000000100060d0                tud_cdc_n_connected
 .text.tud_cdc_n_available
                0x0000000010006100       0x18 CMakeFiles/irq.dir/home/vinke/Documents/Pi_Pico/c/pico/pico-sdk/lib/tinyusb/src/class/cdc/cdc_device.c.obj
                0x0000000010006100                tud_cdc_n_available
 .text.tud_cdc_n_read
                0x0000000010006118       0x70 CMakeFiles/irq.dir/home/vinke/Documents/Pi_Pico/c/pico/pico-sdk/lib/tinyusb/src/class/cdc/cdc_device.c.obj
                0x0000000010006118                tud_cdc_n_read
 .text.tud_cdc_n_write_flush
                0x0000000010006188       0x78 CMakeFiles/irq.dir/home/vinke/Documents/Pi_Pico/c/pico/pico-sdk/lib/tinyusb/src/class/cdc/cdc_device.c.obj
                0x0000000010006188                tud_cdc_n_write_flush
 .text.tud_cdc_n_write
                0x0000000010006200       0x34 CMakeFiles/irq.dir/home/vinke/Documents/Pi_Pico/c/pico/pico-sdk/lib/tinyusb/src/class/cdc/cdc_device.c.obj
                0x0000000010006200                tud_cdc_n_write
 .text.tud_cdc_n_write_available
                0x0000000010006234       0x18 CMakeFiles/irq.dir/home/vinke/Documents/Pi_Pico/c/pico/pico-sdk/lib/tinyusb/src/class/cdc/cdc_device.c.obj
                0x0000000010006234                tud_cdc_n_write_available
 .text.cdcd_init
                0x000000001000624c       0x7c CMakeFiles/irq.dir/home/vinke/Documents/Pi_Pico/c/pico/pico-sdk/lib/tinyusb/src/class/cdc/cdc_device.c.obj
                0x000000001000624c                cdcd_init
 .text.cdcd_reset
                0x00000000100062c8       0x2c CMakeFiles/irq.dir/home/vinke/Documents/Pi_Pico/c/pico/pico-sdk/lib/tinyusb/src/class/cdc/cdc_device.c.obj
                0x00000000100062c8                cdcd_reset
 .text.cdcd_open
                0x00000000100062f4       0xe8 CMakeFiles/irq.dir/home/vinke/Documents/Pi_Pico/c/pico/pico-sdk/lib/tinyusb/src/class/cdc/cdc_device.c.obj
                0x00000000100062f4                cdcd_open
 .text.cdcd_control_xfer_cb
                0x00000000100063dc       0xe4 CMakeFiles/irq.dir/home/vinke/Documents/Pi_Pico/c/pico/pico-sdk/lib/tinyusb/src/class/cdc/cdc_device.c.obj
                0x00000000100063dc                cdcd_control_xfer_cb
 .text.cdcd_xfer_cb
                0x00000000100064c0      0x148 CMakeFiles/irq.dir/home/vinke/Documents/Pi_Pico/c/pico/pico-sdk/lib/tinyusb/src/class/cdc/cdc_device.c.obj
                0x00000000100064c0                cdcd_xfer_cb
 .text.tusb_init
                0x0000000010006608        0xc CMakeFiles/irq.dir/home/vinke/Documents/Pi_Pico/c/pico/pico-sdk/lib/tinyusb/src/tusb.c.obj
                0x0000000010006608                tusb_init
 .text.tusb_inited
                0x0000000010006614        0x8 CMakeFiles/irq.dir/home/vinke/Documents/Pi_Pico/c/pico/pico-sdk/lib/tinyusb/src/tusb.c.obj
                0x0000000010006614                tusb_inited
 .text.tu_edpt_claim
                0x000000001000661c       0x50 CMakeFiles/irq.dir/home/vinke/Documents/Pi_Pico/c/pico/pico-sdk/lib/tinyusb/src/tusb.c.obj
                0x000000001000661c                tu_edpt_claim
 .text.tu_edpt_release
                0x000000001000666c       0x38 CMakeFiles/irq.dir/home/vinke/Documents/Pi_Pico/c/pico/pico-sdk/lib/tinyusb/src/tusb.c.obj
                0x000000001000666c                tu_edpt_release
 .text.tu_edpt_validate
                0x00000000100066a4       0x78 CMakeFiles/irq.dir/home/vinke/Documents/Pi_Pico/c/pico/pico-sdk/lib/tinyusb/src/tusb.c.obj
                0x00000000100066a4                tu_edpt_validate
 .text.tu_edpt_bind_driver
                0x000000001000671c       0x34 CMakeFiles/irq.dir/home/vinke/Documents/Pi_Pico/c/pico/pico-sdk/lib/tinyusb/src/tusb.c.obj
                0x000000001000671c                tu_edpt_bind_driver
 .text.tu_fifo_config
                0x0000000010006750       0x70 CMakeFiles/irq.dir/home/vinke/Documents/Pi_Pico/c/pico/pico-sdk/lib/tinyusb/src/common/tusb_fifo.c.obj
                0x0000000010006750                tu_fifo_config
 .text.tu_fifo_count
                0x00000000100067c0       0x2c CMakeFiles/irq.dir/home/vinke/Documents/Pi_Pico/c/pico/pico-sdk/lib/tinyusb/src/common/tusb_fifo.c.obj
                0x00000000100067c0                tu_fifo_count
 .text.tu_fifo_empty
                0x00000000100067ec       0x10 CMakeFiles/irq.dir/home/vinke/Documents/Pi_Pico/c/pico/pico-sdk/lib/tinyusb/src/common/tusb_fifo.c.obj
                0x00000000100067ec                tu_fifo_empty
 .text.tu_fifo_remaining
                0x00000000100067fc       0x2c CMakeFiles/irq.dir/home/vinke/Documents/Pi_Pico/c/pico/pico-sdk/lib/tinyusb/src/common/tusb_fifo.c.obj
                0x00000000100067fc                tu_fifo_remaining
 .text.tu_fifo_read
                0x0000000010006828       0xa0 CMakeFiles/irq.dir/home/vinke/Documents/Pi_Pico/c/pico/pico-sdk/lib/tinyusb/src/common/tusb_fifo.c.obj
                0x0000000010006828                tu_fifo_read
 .text.tu_fifo_read_n
                0x00000000100068c8       0xec CMakeFiles/irq.dir/home/vinke/Documents/Pi_Pico/c/pico/pico-sdk/lib/tinyusb/src/common/tusb_fifo.c.obj
                0x00000000100068c8                tu_fifo_read_n
 .text.tu_fifo_write
                0x00000000100069b4       0x88 CMakeFiles/irq.dir/home/vinke/Documents/Pi_Pico/c/pico/pico-sdk/lib/tinyusb/src/common/tusb_fifo.c.obj
                0x00000000100069b4                tu_fifo_write
 .text.tu_fifo_write_n
                0x0000000010006a3c      0x168 CMakeFiles/irq.dir/home/vinke/Documents/Pi_Pico/c/pico/pico-sdk/lib/tinyusb/src/common/tusb_fifo.c.obj
                0x0000000010006a3c                tu_fifo_write_n
 .text.tu_fifo_clear
                0x0000000010006ba4       0x40 CMakeFiles/irq.dir/home/vinke/Documents/Pi_Pico/c/pico/pico-sdk/lib/tinyusb/src/common/tusb_fifo.c.obj
                0x0000000010006ba4                tu_fifo_clear
 .text.tu_fifo_set_overwritable
                0x0000000010006be4       0x48 CMakeFiles/irq.dir/home/vinke/Documents/Pi_Pico/c/pico/pico-sdk/lib/tinyusb/src/common/tusb_fifo.c.obj
                0x0000000010006be4                tu_fifo_set_overwritable
 .text          0x0000000010006c2c       0x5c /usr/lib/gcc/arm-none-eabi/10.3.1/../../../arm-none-eabi/lib/thumb/v6-m/nofp/libc.a(lib_a-strlen-stub.o)
                0x0000000010006c2c                strlen
 *(.fini)
 .fini          0x0000000010006c88        0x4 /usr/lib/gcc/arm-none-eabi/10.3.1/thumb/v6-m/nofp/crti.o
                0x0000000010006c88                _fini
 *fill*         0x0000000010006c8c        0x4 
 .fini.__stub   0x0000000010006c90       0xd0 linker stubs
 *crtbegin.o(.ctors)
 *crtbegin?.o(.ctors)
 *(EXCLUDE_FILE(*crtend.o *crtend?.o) .ctors)
 *(SORT_BY_NAME(.ctors.*))
 *(.ctors)
 *crtbegin.o(.dtors)
 *crtbegin?.o(.dtors)
 *(EXCLUDE_FILE(*crtend.o *crtend?.o) .dtors)
 *(SORT_BY_NAME(.dtors.*))
 *(.dtors)
 *(.eh_frame*)
 .eh_frame      0x0000000010006d60        0x0 /usr/lib/gcc/arm-none-eabi/10.3.1/thumb/v6-m/nofp/crtbegin.o
                0x0000000010006d60                . = ALIGN (0x4)

.glue_7         0x0000000010006d60        0x0
 .glue_7        0x0000000010006d60        0x0 linker stubs

.glue_7t        0x0000000010006d60        0x0
 .glue_7t       0x0000000010006d60        0x0 linker stubs

.vfp11_veneer   0x0000000010006d60        0x0
 .vfp11_veneer  0x0000000010006d60        0x0 linker stubs

.v4_bx          0x0000000010006d60        0x0
 .v4_bx         0x0000000010006d60        0x0 linker stubs

.iplt           0x0000000010006d60        0x0
 .iplt          0x0000000010006d60        0x0 /usr/lib/gcc/arm-none-eabi/10.3.1/thumb/v6-m/nofp/crtbegin.o

.rodata         0x0000000010006d60      0x590
 *(EXCLUDE_FILE(*libm.a: *libc.a:*lib_a-mem*.o *libgcc.a:) .rodata*)
 .rodata.gpio_callback.str1.4
                0x0000000010006d60       0x28 CMakeFiles/irq.dir/irq.c.obj
 .rodata.main.str1.4
                0x0000000010006d88        0xf CMakeFiles/irq.dir/irq.c.obj
 *fill*         0x0000000010006d97        0x1 
 .rodata.str1.4
                0x0000000010006d98       0x2e CMakeFiles/irq.dir/irq.c.obj
 *fill*         0x0000000010006dc6        0x2 
 .rodata.gpio_irq_str
                0x0000000010006dc8       0x10 CMakeFiles/irq.dir/irq.c.obj
 .rodata.spin_lock_claim_unused.str1.4
                0x0000000010006dd8       0x1b CMakeFiles/irq.dir/home/vinke/Documents/Pi_Pico/c/pico/pico-sdk/src/rp2_common/hardware_sync/sync.c.obj
 *fill*         0x0000000010006df3        0x1 
 .rodata.user_irq_claim_unused.str1.4
                0x0000000010006df4       0x1b CMakeFiles/irq.dir/home/vinke/Documents/Pi_Pico/c/pico/pico-sdk/src/rp2_common/hardware_irq/irq.c.obj
 *fill*         0x0000000010006e0f        0x1 
 .rodata.hardware_alarm_claim.str1.4
                0x0000000010006e10       0x22 CMakeFiles/irq.dir/home/vinke/Documents/Pi_Pico/c/pico/pico-sdk/src/rp2_common/hardware_timer/timer.c.obj
 *fill*         0x0000000010006e32        0x2 
 .rodata.panic.str1.4
                0x0000000010006e34       0x12 CMakeFiles/irq.dir/home/vinke/Documents/Pi_Pico/c/pico/pico-sdk/src/rp2_common/pico_runtime/runtime.c.obj
 *fill*         0x0000000010006e46        0x2 
 .rodata.hard_assertion_failure.str1.4
                0x0000000010006e48        0xc CMakeFiles/irq.dir/home/vinke/Documents/Pi_Pico/c/pico/pico-sdk/src/rp2_common/pico_runtime/runtime.c.obj
 .rodata._ftoa.str1.4
                0x0000000010006e54       0x15 CMakeFiles/irq.dir/home/vinke/Documents/Pi_Pico/c/pico/pico-sdk/src/rp2_common/pico_printf/printf.c.obj
 *fill*         0x0000000010006e69        0x3 
 .rodata._vsnprintf
                0x0000000010006e6c      0x1e0 CMakeFiles/irq.dir/home/vinke/Documents/Pi_Pico/c/pico/pico-sdk/src/rp2_common/pico_printf/printf.c.obj
 *fill*         0x000000001000704c        0x4 
 .rodata.pow10.0
                0x0000000010007050       0x50 CMakeFiles/irq.dir/home/vinke/Documents/Pi_Pico/c/pico/pico-sdk/src/rp2_common/pico_printf/printf.c.obj
 .rodata.str1.4
                0x00000000100070a0       0x38 CMakeFiles/irq.dir/home/vinke/Documents/Pi_Pico/c/pico/pico-sdk/src/rp2_common/pico_standard_link/binary_info.c.obj
 .rodata.__bi_44
                0x00000000100070d8        0xc CMakeFiles/irq.dir/home/vinke/Documents/Pi_Pico/c/pico/pico-sdk/src/rp2_common/pico_standard_link/binary_info.c.obj
 .rodata.__bi_75
                0x00000000100070e4        0xc CMakeFiles/irq.dir/home/vinke/Documents/Pi_Pico/c/pico/pico-sdk/src/rp2_common/pico_standard_link/binary_info.c.obj
 .rodata.__bi_81
                0x00000000100070f0        0xc CMakeFiles/irq.dir/home/vinke/Documents/Pi_Pico/c/pico/pico-sdk/src/rp2_common/pico_standard_link/binary_info.c.obj
 .rodata.crlf_str.0
                0x00000000100070fc        0x2 CMakeFiles/irq.dir/home/vinke/Documents/Pi_Pico/c/pico/pico-sdk/src/rp2_common/pico_stdio/stdio.c.obj
 *fill*         0x00000000100070fe        0x2 
 .rodata._resetd_driver
                0x0000000010007100       0x18 CMakeFiles/irq.dir/home/vinke/Documents/Pi_Pico/c/pico/pico-sdk/src/rp2_common/pico_stdio_usb/reset_interface.c.obj
 .rodata.str1.4
                0x0000000010007118       0x13 CMakeFiles/irq.dir/home/vinke/Documents/Pi_Pico/c/pico/pico-sdk/src/rp2_common/pico_stdio_usb/stdio_usb.c.obj
 *fill*         0x000000001000712b        0x1 
 .rodata.__bi_182.0
                0x000000001000712c        0xc CMakeFiles/irq.dir/home/vinke/Documents/Pi_Pico/c/pico/pico-sdk/src/rp2_common/pico_stdio_usb/stdio_usb.c.obj
 .rodata.str1.4
                0x0000000010007138       0x2a CMakeFiles/irq.dir/home/vinke/Documents/Pi_Pico/c/pico/pico-sdk/src/rp2_common/pico_stdio_usb/stdio_usb_descriptors.c.obj
 *fill*         0x0000000010007162        0x2 
 .rodata.usbd_desc_cfg
                0x0000000010007164       0x54 CMakeFiles/irq.dir/home/vinke/Documents/Pi_Pico/c/pico/pico-sdk/src/rp2_common/pico_stdio_usb/stdio_usb_descriptors.c.obj
 .rodata.usbd_desc_device
                0x00000000100071b8       0x12 CMakeFiles/irq.dir/home/vinke/Documents/Pi_Pico/c/pico/pico-sdk/src/rp2_common/pico_stdio_usb/stdio_usb_descriptors.c.obj
 *fill*         0x00000000100071ca        0x2 
 .rodata.usbd_desc_str
                0x00000000100071cc       0x18 CMakeFiles/irq.dir/home/vinke/Documents/Pi_Pico/c/pico/pico-sdk/src/rp2_common/pico_stdio_usb/stdio_usb_descriptors.c.obj
 .rodata.str1.4
                0x00000000100071e4       0x14 CMakeFiles/irq.dir/home/vinke/Documents/Pi_Pico/c/pico/pico-sdk/lib/tinyusb/src/portable/raspberrypi/rp2040/dcd_rp2040.c.obj
 .rodata.str1.4
                0x00000000100071f8       0x53 CMakeFiles/irq.dir/home/vinke/Documents/Pi_Pico/c/pico/pico-sdk/lib/tinyusb/src/portable/raspberrypi/rp2040/rp2040_usb.c.obj
 *fill*         0x000000001000724b        0x1 
 .rodata.tud_task_ext
                0x000000001000724c       0x8c CMakeFiles/irq.dir/home/vinke/Documents/Pi_Pico/c/pico/pico-sdk/lib/tinyusb/src/device/usbd.c.obj
 .rodata._usbd_driver
                0x00000000100072d8       0x18 CMakeFiles/irq.dir/home/vinke/Documents/Pi_Pico/c/pico/pico-sdk/lib/tinyusb/src/device/usbd.c.obj
                0x00000000100072f0                . = ALIGN (0x4)
 *(SORT_BY_ALIGNMENT(SORT_BY_NAME(.flashdata*)))
                0x00000000100072f0                . = ALIGN (0x4)

.ARM.extab
 *(.ARM.extab* .gnu.linkonce.armextab.*)
                0x00000000100072f0                __exidx_start = .

.ARM.exidx
 *(.ARM.exidx* .gnu.linkonce.armexidx.*)
                0x00000000100072f0                __exidx_end = .
                0x00000000100072f0                . = ALIGN (0x4)
                0x00000000100072f0                __binary_info_start = .

.binary_info    0x00000000100072f0       0x20
 *(.binary_info.keep.*)
 .binary_info.keep.__bi_ptr22
                0x00000000100072f0        0x4 CMakeFiles/irq.dir/home/vinke/Documents/Pi_Pico/c/pico/pico-sdk/src/rp2_common/pico_standard_link/binary_info.c.obj
 .binary_info.keep.__bi_ptr30
                0x00000000100072f4        0x4 CMakeFiles/irq.dir/home/vinke/Documents/Pi_Pico/c/pico/pico-sdk/src/rp2_common/pico_standard_link/binary_info.c.obj
 .binary_info.keep.__bi_ptr38
                0x00000000100072f8        0x4 CMakeFiles/irq.dir/home/vinke/Documents/Pi_Pico/c/pico/pico-sdk/src/rp2_common/pico_standard_link/binary_info.c.obj
 .binary_info.keep.__bi_ptr44
                0x00000000100072fc        0x4 CMakeFiles/irq.dir/home/vinke/Documents/Pi_Pico/c/pico/pico-sdk/src/rp2_common/pico_standard_link/binary_info.c.obj
 .binary_info.keep.__bi_ptr50
                0x0000000010007300        0x4 CMakeFiles/irq.dir/home/vinke/Documents/Pi_Pico/c/pico/pico-sdk/src/rp2_common/pico_standard_link/binary_info.c.obj
 .binary_info.keep.__bi_ptr75
                0x0000000010007304        0x4 CMakeFiles/irq.dir/home/vinke/Documents/Pi_Pico/c/pico/pico-sdk/src/rp2_common/pico_standard_link/binary_info.c.obj
 .binary_info.keep.__bi_ptr81
                0x0000000010007308        0x4 CMakeFiles/irq.dir/home/vinke/Documents/Pi_Pico/c/pico/pico-sdk/src/rp2_common/pico_standard_link/binary_info.c.obj
 *(.binary_info.*)
 .binary_info.__bi_ptr182
                0x000000001000730c        0x4 CMakeFiles/irq.dir/home/vinke/Documents/Pi_Pico/c/pico/pico-sdk/src/rp2_common/pico_stdio_usb/stdio_usb.c.obj
                0x0000000010007310                __binary_info_end = .

.rel.dyn        0x0000000010007310        0x0
 .rel.iplt      0x0000000010007310        0x0 /usr/lib/gcc/arm-none-eabi/10.3.1/thumb/v6-m/nofp/crtbegin.o
                0x0000000010007310                . = ALIGN (0x4)

.ram_vector_table
                0x0000000020000000       0xc0
 *(.ram_vector_table)
 .ram_vector_table
                0x0000000020000000       0xc0 CMakeFiles/irq.dir/home/vinke/Documents/Pi_Pico/c/pico/pico-sdk/src/rp2_common/pico_runtime/runtime.c.obj
                0x0000000020000000                ram_vector_table

.data           0x00000000200000c0      0xe50 load address 0x0000000010007310
                0x00000000200000c0                __data_start__ = .
 *(vtable)
 *(.time_critical*)
 .time_critical.mutex_try_enter
                0x00000000200000c0       0x44 CMakeFiles/irq.dir/home/vinke/Documents/Pi_Pico/c/pico/pico-sdk/src/common/pico_sync/mutex.c.obj
                0x00000000200000c0                mutex_try_enter
 .time_critical.mutex_try_enter_block_until
                0x0000000020000104       0x9c CMakeFiles/irq.dir/home/vinke/Documents/Pi_Pico/c/pico/pico-sdk/src/common/pico_sync/mutex.c.obj
                0x0000000020000104                mutex_try_enter_block_until
 .time_critical.mutex_enter_timeout_ms
                0x00000000200001a0       0x90 CMakeFiles/irq.dir/home/vinke/Documents/Pi_Pico/c/pico/pico-sdk/src/common/pico_sync/mutex.c.obj
                0x00000000200001a0                mutex_enter_timeout_ms
 .time_critical.mutex_exit
                0x0000000020000230       0x28 CMakeFiles/irq.dir/home/vinke/Documents/Pi_Pico/c/pico/pico-sdk/src/common/pico_sync/mutex.c.obj
                0x0000000020000230                mutex_exit
 .time_critical.flash_init_boot2_copyout
                0x0000000020000258       0x30 CMakeFiles/irq.dir/home/vinke/Documents/Pi_Pico/c/pico/pico-sdk/src/rp2_common/hardware_flash/flash.c.obj
 .time_critical.flash_enable_xip_via_boot2
                0x0000000020000288       0x10 CMakeFiles/irq.dir/home/vinke/Documents/Pi_Pico/c/pico/pico-sdk/src/rp2_common/hardware_flash/flash.c.obj
 .time_critical.flash_cs_force
                0x0000000020000298       0x38 CMakeFiles/irq.dir/home/vinke/Documents/Pi_Pico/c/pico/pico-sdk/src/rp2_common/hardware_flash/flash.c.obj
 .time_critical.flash_do_cmd
                0x00000000200002d0       0xc4 CMakeFiles/irq.dir/home/vinke/Documents/Pi_Pico/c/pico/pico-sdk/src/rp2_common/hardware_flash/flash.c.obj
                0x00000000200002d0                flash_do_cmd
 .time_critical.reset_non_control_endpoints
                0x0000000020000394       0xbc CMakeFiles/irq.dir/home/vinke/Documents/Pi_Pico/c/pico/pico-sdk/lib/tinyusb/src/portable/raspberrypi/rp2040/dcd_rp2040.c.obj
 .time_critical.hw_handle_buff_status
                0x0000000020000450       0xa8 CMakeFiles/irq.dir/home/vinke/Documents/Pi_Pico/c/pico/pico-sdk/lib/tinyusb/src/portable/raspberrypi/rp2040/dcd_rp2040.c.obj
 .time_critical.dcd_rp2040_irq
                0x00000000200004f8      0x4d8 CMakeFiles/irq.dir/home/vinke/Documents/Pi_Pico/c/pico/pico-sdk/lib/tinyusb/src/portable/raspberrypi/rp2040/dcd_rp2040.c.obj
 .time_critical.e15_is_bulkin_ep
                0x00000000200009d0       0x28 CMakeFiles/irq.dir/home/vinke/Documents/Pi_Pico/c/pico/pico-sdk/lib/tinyusb/src/portable/raspberrypi/rp2040/rp2040_usb.c.obj
 .time_critical.e15_is_critical_frame_period
                0x00000000200009f8       0x34 CMakeFiles/irq.dir/home/vinke/Documents/Pi_Pico/c/pico/pico-sdk/lib/tinyusb/src/portable/raspberrypi/rp2040/rp2040_usb.c.obj
 .time_critical.prepare_ep_buffer
                0x0000000020000a2c       0x70 CMakeFiles/irq.dir/home/vinke/Documents/Pi_Pico/c/pico/pico-sdk/lib/tinyusb/src/portable/raspberrypi/rp2040/rp2040_usb.c.obj
 .time_critical.sync_ep_buffer
                0x0000000020000a9c       0x4c CMakeFiles/irq.dir/home/vinke/Documents/Pi_Pico/c/pico/pico-sdk/lib/tinyusb/src/portable/raspberrypi/rp2040/rp2040_usb.c.obj
 .time_critical._hw_endpoint_xfer_sync
                0x0000000020000ae8       0x28 CMakeFiles/irq.dir/home/vinke/Documents/Pi_Pico/c/pico/pico-sdk/lib/tinyusb/src/portable/raspberrypi/rp2040/rp2040_usb.c.obj
 .time_critical.hw_endpoint_reset_transfer
                0x0000000020000b10        0xc CMakeFiles/irq.dir/home/vinke/Documents/Pi_Pico/c/pico/pico-sdk/lib/tinyusb/src/portable/raspberrypi/rp2040/rp2040_usb.c.obj
                0x0000000020000b10                hw_endpoint_reset_transfer
 .time_critical._hw_endpoint_buffer_control_update32
                0x0000000020000b1c       0x58 CMakeFiles/irq.dir/home/vinke/Documents/Pi_Pico/c/pico/pico-sdk/lib/tinyusb/src/portable/raspberrypi/rp2040/rp2040_usb.c.obj
                0x0000000020000b1c                _hw_endpoint_buffer_control_update32
 .time_critical.hw_endpoint_start_next_buffer
                0x0000000020000b74       0x6c CMakeFiles/irq.dir/home/vinke/Documents/Pi_Pico/c/pico/pico-sdk/lib/tinyusb/src/portable/raspberrypi/rp2040/rp2040_usb.c.obj
                0x0000000020000b74                hw_endpoint_start_next_buffer
 .time_critical.hw_endpoint_xfer_continue
                0x0000000020000be0       0x50 CMakeFiles/irq.dir/home/vinke/Documents/Pi_Pico/c/pico/pico-sdk/lib/tinyusb/src/portable/raspberrypi/rp2040/rp2040_usb.c.obj
                0x0000000020000be0                hw_endpoint_xfer_continue
 .time_critical.tinyusb
                0x0000000020000c30      0x170 CMakeFiles/irq.dir/home/vinke/Documents/Pi_Pico/c/pico/pico-sdk/lib/tinyusb/src/device/usbd.c.obj
                0x0000000020000c30                dcd_event_handler
 *(.text*)
 .text          0x0000000020000da0        0x4 /usr/lib/gcc/arm-none-eabi/10.3.1/thumb/v6-m/nofp/libgcc.a(_dvmd_tls.o)
                0x0000000020000da0                __aeabi_ldiv0
                0x0000000020000da0                __aeabi_idiv0
 *fill*         0x0000000020000da4        0x4 
 .text.__stub   0x0000000020000da8       0x70 linker stubs
                0x0000000020000e18                . = ALIGN (0x4)
 *(.rodata*)
                0x0000000020000e18                . = ALIGN (0x4)
 *(.data*)
 .data.striped_spin_lock_num
                0x0000000020000e18        0x1 CMakeFiles/irq.dir/home/vinke/Documents/Pi_Pico/c/pico/pico-sdk/src/rp2_common/hardware_sync/sync.c.obj
 *fill*         0x0000000020000e19        0x3 
 .data          0x0000000020000e1c       0x48 CMakeFiles/irq.dir/home/vinke/Documents/Pi_Pico/c/pico/pico-sdk/src/rp2_common/hardware_irq/irq_handler_chain.S.obj
                0x0000000020000e1c                irq_handler_chain_slots
                0x0000000020000e4c                irq_handler_chain_first_slot
                0x0000000020000e56                irq_handler_chain_remove_tail
 .data.default_alarm_pool
                0x0000000020000e64       0x18 CMakeFiles/irq.dir/home/vinke/Documents/Pi_Pico/c/pico/pico-sdk/src/common/pico_time/time.c.obj
 .data.default_alarm_pool_heap
                0x0000000020000e7c       0x10 CMakeFiles/irq.dir/home/vinke/Documents/Pi_Pico/c/pico/pico-sdk/src/common/pico_time/time.c.obj
 *fill*         0x0000000020000e8c        0x4 
 .data.aeabi_bits_funcs
                0x0000000020000e90       0x10 CMakeFiles/irq.dir/home/vinke/Documents/Pi_Pico/c/pico/pico-sdk/src/rp2_common/pico_bit_ops/bit_ops_aeabi.S.obj
                0x0000000020000e90                aeabi_bits_funcs
                0x0000000020000ea0                aeabi_bits_funcs_end
 .data.aeabi_mem_funcs
                0x0000000020000ea0       0x10 CMakeFiles/irq.dir/home/vinke/Documents/Pi_Pico/c/pico/pico-sdk/src/rp2_common/pico_mem_ops/mem_ops_aeabi.S.obj
                0x0000000020000ea0                aeabi_mem_funcs
                0x0000000020000eb0                aeabi_mem_funcs_end
 .data.stdio_usb
                0x0000000020000eb0       0x18 CMakeFiles/irq.dir/home/vinke/Documents/Pi_Pico/c/pico/pico-sdk/src/rp2_common/pico_stdio_usb/stdio_usb.c.obj
                0x0000000020000eb0                stdio_usb
 .data.ep_dir_string
                0x0000000020000ec8        0x8 CMakeFiles/irq.dir/home/vinke/Documents/Pi_Pico/c/pico/pico-sdk/lib/tinyusb/src/portable/raspberrypi/rp2040/rp2040_usb.c.obj
                0x0000000020000ec8                ep_dir_string
 .data._usbd_qdef
                0x0000000020000ed0       0x1c CMakeFiles/irq.dir/home/vinke/Documents/Pi_Pico/c/pico/pico-sdk/lib/tinyusb/src/device/usbd.c.obj
                0x0000000020000ed0                _usbd_qdef
 .data._usbd_rhport
                0x0000000020000eec        0x1 CMakeFiles/irq.dir/home/vinke/Documents/Pi_Pico/c/pico/pico-sdk/lib/tinyusb/src/device/usbd.c.obj
                0x0000000020000ef0                . = ALIGN (0x4)
 *fill*         0x0000000020000eed        0x3 
 *(.after_data.*)
                0x0000000020000ef0                . = ALIGN (0x4)
                0x0000000020000ef0                PROVIDE (__mutex_array_start = .)
 *(SORT_BY_NAME(.mutex_array.*))
 *(.mutex_array)
 .mutex_array   0x0000000020000ef0        0x8 CMakeFiles/irq.dir/home/vinke/Documents/Pi_Pico/c/pico/pico-sdk/src/rp2_common/pico_stdio/stdio.c.obj
                0x0000000020000ef8                PROVIDE (__mutex_array_end = .)
                0x0000000020000ef8                . = ALIGN (0x4)
                0x0000000020000ef8                PROVIDE (__preinit_array_start = .)
 *(SORT_BY_NAME(.preinit_array.*))
 .preinit_array.00001
                0x0000000020000ef8        0x4 CMakeFiles/irq.dir/home/vinke/Documents/Pi_Pico/c/pico/pico-sdk/src/rp2_common/pico_mem_ops/mem_ops_aeabi.S.obj
 .preinit_array.00010
                0x0000000020000efc        0x4 CMakeFiles/irq.dir/home/vinke/Documents/Pi_Pico/c/pico/pico-sdk/src/rp2_common/pico_bit_ops/bit_ops_aeabi.S.obj
 .preinit_array.00020
                0x0000000020000f00        0x4 CMakeFiles/irq.dir/home/vinke/Documents/Pi_Pico/c/pico/pico-sdk/src/rp2_common/pico_double/double_aeabi.S.obj
 .preinit_array.00020
                0x0000000020000f04        0x4 CMakeFiles/irq.dir/home/vinke/Documents/Pi_Pico/c/pico/pico-sdk/src/rp2_common/pico_float/float_aeabi.S.obj
 *(.preinit_array)
                0x0000000020000f08                PROVIDE (__preinit_array_end = .)
                0x0000000020000f08                . = ALIGN (0x4)
                0x0000000020000f08                PROVIDE (__init_array_start = .)
 *(SORT_BY_NAME(.init_array.*))
 *(.init_array)
 .init_array    0x0000000020000f08        0x4 /usr/lib/gcc/arm-none-eabi/10.3.1/thumb/v6-m/nofp/crtbegin.o
 .init_array    0x0000000020000f0c        0x4 CMakeFiles/irq.dir/home/vinke/Documents/Pi_Pico/c/pico/pico-sdk/src/rp2_common/pico_unique_id/unique_id.c.obj
                0x0000000020000f10                PROVIDE (__init_array_end = .)
                0x0000000020000f10                . = ALIGN (0x4)
                0x0000000020000f10                PROVIDE (__fini_array_start = .)
 *(SORT_BY_NAME(.fini_array.*))
 *(.fini_array)
                0x0000000020000f10                PROVIDE (__fini_array_end = .)
 *(.jcr)
                0x0000000020000f10                . = ALIGN (0x4)
                0x0000000020000f10                __data_end__ = .
                0x0000000010007310                __etext = LOADADDR (.data)

.tm_clone_table
                0x0000000020000f10        0x0 load address 0x0000000010008160
 .tm_clone_table
                0x0000000020000f10        0x0 /usr/lib/gcc/arm-none-eabi/10.3.1/thumb/v6-m/nofp/crtbegin.o
 .tm_clone_table
                0x0000000020000f10        0x0 /usr/lib/gcc/arm-none-eabi/10.3.1/thumb/v6-m/nofp/crtend.o

.igot.plt       0x0000000020000f10        0x0 load address 0x0000000010008160
 .igot.plt      0x0000000020000f10        0x0 /usr/lib/gcc/arm-none-eabi/10.3.1/thumb/v6-m/nofp/crtbegin.o

.uninitialized_data
                0x0000000020000f10        0x0 load address 0x0000000010008160
                0x0000000020000f10                . = ALIGN (0x4)
 *(.uninitialized_data*)

.scratch_x      0x0000000020040000        0x0 load address 0x0000000010008160
                0x0000000020040000                __scratch_x_start__ = .
 *(.scratch_x.*)
                0x0000000020040000                . = ALIGN (0x4)
                0x0000000020040000                __scratch_x_end__ = .
                0x0000000010008160                __scratch_x_source__ = LOADADDR (.scratch_x)

.scratch_y      0x0000000020041000        0x0 load address 0x0000000010008160
                0x0000000020041000                __scratch_y_start__ = .
 *(.scratch_y.*)
                0x0000000020041000                . = ALIGN (0x4)
                0x0000000020041000                __scratch_y_end__ = .
                0x0000000010008160                __scratch_y_source__ = LOADADDR (.scratch_y)

.bss            0x0000000020000f10      0xe24
                0x0000000020000f10                . = ALIGN (0x4)
                0x0000000020000f10                __bss_start__ = .
 *(SORT_BY_ALIGNMENT(SORT_BY_NAME(.bss*)))
 .bss.default_alarm_pool_entries
                0x0000000020000f10      0x100 CMakeFiles/irq.dir/home/vinke/Documents/Pi_Pico/c/pico/pico-sdk/src/common/pico_time/time.c.obj
 .bss.last_avail_time.1
                0x0000000020001010        0x8 CMakeFiles/irq.dir/home/vinke/Documents/Pi_Pico/c/pico/pico-sdk/src/rp2_common/pico_stdio_usb/stdio_usb.c.obj
 .bss.sd_table  0x0000000020001018      0x100 CMakeFiles/irq.dir/home/vinke/Documents/Pi_Pico/c/pico/pico-sdk/src/rp2_common/pico_double/double_init_rom.c.obj
                0x0000000020001018                sd_table
 .bss.sf_table  0x0000000020001118      0x100 CMakeFiles/irq.dir/home/vinke/Documents/Pi_Pico/c/pico/pico-sdk/src/rp2_common/pico_float/float_init_rom.c.obj
                0x0000000020001118                sf_table
 .bss           0x0000000020001218       0x1c /usr/lib/gcc/arm-none-eabi/10.3.1/thumb/v6-m/nofp/crtbegin.o
 .bss.DATA      0x0000000020001234        0x4 CMakeFiles/irq.dir/irq.c.obj
                0x0000000020001234                DATA
 .bss._app_driver
                0x0000000020001238        0x4 CMakeFiles/irq.dir/home/vinke/Documents/Pi_Pico/c/pico/pico-sdk/lib/tinyusb/src/device/usbd.c.obj
 .bss._cdcd_itf
                0x000000002000123c      0x2c8 CMakeFiles/irq.dir/home/vinke/Documents/Pi_Pico/c/pico/pico-sdk/lib/tinyusb/src/class/cdc/cdc_device.c.obj
 .bss._ctrl_xfer
                0x0000000020001504       0x14 CMakeFiles/irq.dir/home/vinke/Documents/Pi_Pico/c/pico/pico-sdk/lib/tinyusb/src/device/usbd_control.c.obj
 .bss._ubsd_mutexdef
                0x0000000020001518        0x8 CMakeFiles/irq.dir/home/vinke/Documents/Pi_Pico/c/pico/pico-sdk/lib/tinyusb/src/device/usbd.c.obj
 .bss._usbd_ctrl_buf
                0x0000000020001520       0x40 CMakeFiles/irq.dir/home/vinke/Documents/Pi_Pico/c/pico/pico-sdk/lib/tinyusb/src/device/usbd_control.c.obj
 .bss._usbd_dev
                0x0000000020001560       0x53 CMakeFiles/irq.dir/home/vinke/Documents/Pi_Pico/c/pico/pico-sdk/lib/tinyusb/src/device/usbd.c.obj
 *fill*         0x00000000200015b3        0x1 
 .bss._usbd_mutex
                0x00000000200015b4        0x4 CMakeFiles/irq.dir/home/vinke/Documents/Pi_Pico/c/pico/pico-sdk/lib/tinyusb/src/device/usbd.c.obj
 .bss._usbd_q   0x00000000200015b8        0x4 CMakeFiles/irq.dir/home/vinke/Documents/Pi_Pico/c/pico/pico-sdk/lib/tinyusb/src/device/usbd.c.obj
 .bss._usbd_qdef_buf
                0x00000000200015bc       0xc0 CMakeFiles/irq.dir/home/vinke/Documents/Pi_Pico/c/pico/pico-sdk/lib/tinyusb/src/device/usbd.c.obj
                0x00000000200015bc                _usbd_qdef_buf
 .bss.alarm_callbacks
                0x000000002000167c       0x10 CMakeFiles/irq.dir/home/vinke/Documents/Pi_Pico/c/pico/pico-sdk/src/rp2_common/hardware_timer/timer.c.obj
 .bss.boot2_copyout
                0x000000002000168c      0x100 CMakeFiles/irq.dir/home/vinke/Documents/Pi_Pico/c/pico/pico-sdk/src/rp2_common/hardware_flash/flash.c.obj
 .bss.callbacks
                0x000000002000178c        0x8 CMakeFiles/irq.dir/home/vinke/Documents/Pi_Pico/c/pico/pico-sdk/src/rp2_common/hardware_gpio/gpio.c.obj
 .bss.chars_available_callback
                0x0000000020001794        0x4 CMakeFiles/irq.dir/home/vinke/Documents/Pi_Pico/c/pico/pico-sdk/src/rp2_common/pico_stdio_usb/stdio_usb.c.obj
 .bss.chars_available_param
                0x0000000020001798        0x4 CMakeFiles/irq.dir/home/vinke/Documents/Pi_Pico/c/pico/pico-sdk/src/rp2_common/pico_stdio_usb/stdio_usb.c.obj
 .bss.claimed   0x000000002000179c        0x4 CMakeFiles/irq.dir/home/vinke/Documents/Pi_Pico/c/pico/pico-sdk/src/rp2_common/hardware_sync/sync.c.obj
 .bss.configured_freq
                0x00000000200017a0       0x28 CMakeFiles/irq.dir/home/vinke/Documents/Pi_Pico/c/pico/pico-sdk/src/rp2_common/hardware_clocks/clocks.c.obj
 .bss.count     0x00000000200017c8        0x4 CMakeFiles/irq.dir/irq.c.obj
                0x00000000200017c8                count
 .bss.d         0x00000000200017cc        0x4 CMakeFiles/irq.dir/irq.c.obj
                0x00000000200017cc                d
 .bss.default_alarm_pool_entry_ids_high
                0x00000000200017d0       0x10 CMakeFiles/irq.dir/home/vinke/Documents/Pi_Pico/c/pico/pico-sdk/src/common/pico_time/time.c.obj
 .bss.default_alarm_pool_heap_nodes
                0x00000000200017e0       0x30 CMakeFiles/irq.dir/home/vinke/Documents/Pi_Pico/c/pico/pico-sdk/src/common/pico_time/time.c.obj
 .bss.desc_str.0
                0x0000000020001810       0x28 CMakeFiles/irq.dir/home/vinke/Documents/Pi_Pico/c/pico/pico-sdk/src/rp2_common/pico_stdio_usb/stdio_usb_descriptors.c.obj
 .bss.drivers   0x0000000020001838        0x4 CMakeFiles/irq.dir/home/vinke/Documents/Pi_Pico/c/pico/pico-sdk/src/rp2_common/pico_stdio/stdio.c.obj
 .bss.e15_last_sof
                0x000000002000183c        0x4 CMakeFiles/irq.dir/home/vinke/Documents/Pi_Pico/c/pico/pico-sdk/lib/tinyusb/src/portable/raspberrypi/rp2040/rp2040_usb.c.obj
                0x000000002000183c                e15_last_sof
 .bss.event_str
                0x0000000020001840       0x80 CMakeFiles/irq.dir/irq.c.obj
 .bss.filter    0x00000000200018c0        0x4 CMakeFiles/irq.dir/home/vinke/Documents/Pi_Pico/c/pico/pico-sdk/src/rp2_common/pico_stdio/stdio.c.obj
 .bss.hw_endpoints
                0x00000000200018c4      0x400 CMakeFiles/irq.dir/home/vinke/Documents/Pi_Pico/c/pico/pico-sdk/lib/tinyusb/src/portable/raspberrypi/rp2040/dcd_rp2040.c.obj
 .bss.lazy_vsnprintf
                0x0000000020001cc4        0x4 CMakeFiles/irq.dir/home/vinke/Documents/Pi_Pico/c/pico/pico-sdk/src/rp2_common/pico_printf/printf.c.obj
 .bss.load_value
                0x0000000020001cc8        0x4 CMakeFiles/irq.dir/home/vinke/Documents/Pi_Pico/c/pico/pico-sdk/src/rp2_common/hardware_watchdog/watchdog.c.obj
 .bss.next_buffer_ptr
                0x0000000020001ccc        0x4 CMakeFiles/irq.dir/home/vinke/Documents/Pi_Pico/c/pico/pico-sdk/lib/tinyusb/src/portable/raspberrypi/rp2040/dcd_rp2040.c.obj
 .bss.one_shot_timer_crit_sec
                0x0000000020001cd0        0x8 CMakeFiles/irq.dir/home/vinke/Documents/Pi_Pico/c/pico/pico-sdk/src/rp2_common/pico_stdio_usb/stdio_usb.c.obj
 .bss.pools     0x0000000020001cd8       0x10 CMakeFiles/irq.dir/home/vinke/Documents/Pi_Pico/c/pico/pico-sdk/src/common/pico_time/time.c.obj
 .bss.raw_irq_mask
                0x0000000020001ce8        0x8 CMakeFiles/irq.dir/home/vinke/Documents/Pi_Pico/c/pico/pico-sdk/src/rp2_common/hardware_gpio/gpio.c.obj
 .bss.retrieved_id
                0x0000000020001cf0        0x8 CMakeFiles/irq.dir/home/vinke/Documents/Pi_Pico/c/pico/pico-sdk/src/rp2_common/pico_unique_id/unique_id.c.obj
 .bss.sf_clz_func
                0x0000000020001cf8        0x4 CMakeFiles/irq.dir/home/vinke/Documents/Pi_Pico/c/pico/pico-sdk/src/rp2_common/pico_double/double_init_rom.c.obj
                0x0000000020001cf8                sf_clz_func
 .bss.sleep_notifier
                0x0000000020001cfc        0x4 CMakeFiles/irq.dir/home/vinke/Documents/Pi_Pico/c/pico/pico-sdk/src/common/pico_time/time.c.obj
 .bss.stdio_usb_mutex
                0x0000000020001d00        0x8 CMakeFiles/irq.dir/home/vinke/Documents/Pi_Pico/c/pico/pico-sdk/src/rp2_common/pico_stdio_usb/stdio_usb.c.obj
 .bss.target_hi
                0x0000000020001d08       0x10 CMakeFiles/irq.dir/home/vinke/Documents/Pi_Pico/c/pico/pico-sdk/src/rp2_common/hardware_timer/timer.c.obj
 .bss.usbd_serial_str
                0x0000000020001d18       0x11 CMakeFiles/irq.dir/home/vinke/Documents/Pi_Pico/c/pico/pico-sdk/src/rp2_common/pico_stdio_usb/stdio_usb_descriptors.c.obj
 .bss._app_driver_count
                0x0000000020001d29        0x1 CMakeFiles/irq.dir/home/vinke/Documents/Pi_Pico/c/pico/pico-sdk/lib/tinyusb/src/device/usbd.c.obj
 .bss._sof_enable
                0x0000000020001d2a        0x1 CMakeFiles/irq.dir/home/vinke/Documents/Pi_Pico/c/pico/pico-sdk/lib/tinyusb/src/portable/raspberrypi/rp2040/dcd_rp2040.c.obj
 .bss.boot2_copyout_valid
                0x0000000020001d2b        0x1 CMakeFiles/irq.dir/home/vinke/Documents/Pi_Pico/c/pico/pico-sdk/src/rp2_common/hardware_flash/flash.c.obj
 .bss.claimed   0x0000000020001d2c        0x1 CMakeFiles/irq.dir/home/vinke/Documents/Pi_Pico/c/pico/pico-sdk/src/rp2_common/hardware_timer/timer.c.obj
 .bss.irq_hander_chain_free_slot_head
                0x0000000020001d2d        0x1 CMakeFiles/irq.dir/home/vinke/Documents/Pi_Pico/c/pico/pico-sdk/src/rp2_common/hardware_irq/irq.c.obj
 .bss.itf_num   0x0000000020001d2e        0x1 CMakeFiles/irq.dir/home/vinke/Documents/Pi_Pico/c/pico/pico-sdk/src/rp2_common/pico_stdio_usb/reset_interface.c.obj
 .bss.low_priority_irq_num
                0x0000000020001d2f        0x1 CMakeFiles/irq.dir/home/vinke/Documents/Pi_Pico/c/pico/pico-sdk/src/rp2_common/pico_stdio_usb/stdio_usb.c.obj
 .bss.one_shot_timer_pending
                0x0000000020001d30        0x1 CMakeFiles/irq.dir/home/vinke/Documents/Pi_Pico/c/pico/pico-sdk/src/rp2_common/pico_stdio_usb/stdio_usb.c.obj
 .bss.timer_callbacks_pending
                0x0000000020001d31        0x1 CMakeFiles/irq.dir/home/vinke/Documents/Pi_Pico/c/pico/pico-sdk/src/rp2_common/hardware_timer/timer.c.obj
 .bss.user_irq_claimed
                0x0000000020001d32        0x1 CMakeFiles/irq.dir/home/vinke/Documents/Pi_Pico/c/pico/pico-sdk/src/rp2_common/hardware_irq/irq.c.obj
 *(COMMON)
                0x0000000020001d34                . = ALIGN (0x4)
 *fill*         0x0000000020001d33        0x1 
                0x0000000020001d34                __bss_end__ = .

.heap           0x0000000020001d34      0x800
                0x0000000020001d34                __end__ = .
                0x0000000020001d34                end = __end__
 *(.heap*)
 .heap          0x0000000020001d34      0x800 CMakeFiles/irq.dir/home/vinke/Documents/Pi_Pico/c/pico/pico-sdk/src/rp2_common/pico_standard_link/crt0.S.obj
                0x0000000020002534                __HeapLimit = .

.stack1_dummy   0x0000000020040000        0x0
 *(.stack1*)

.stack_dummy    0x0000000020041000      0x800
 *(.stack*)
 .stack         0x0000000020041000      0x800 CMakeFiles/irq.dir/home/vinke/Documents/Pi_Pico/c/pico/pico-sdk/src/rp2_common/pico_standard_link/crt0.S.obj

.flash_end      0x0000000010008160        0x0
                0x0000000010008160                PROVIDE (__flash_binary_end = .)
                0x0000000020040000                __StackLimit = (ORIGIN (RAM) + LENGTH (RAM))
                0x0000000020041000                __StackOneTop = (ORIGIN (SCRATCH_X) + LENGTH (SCRATCH_X))
                0x0000000020042000                __StackTop = (ORIGIN (SCRATCH_Y) + LENGTH (SCRATCH_Y))
                0x0000000020041000                __StackOneBottom = (__StackOneTop - SIZEOF (.stack1_dummy))
                0x0000000020041800                __StackBottom = (__StackTop - SIZEOF (.stack_dummy))
                0x0000000020042000                PROVIDE (__stack = __StackTop)
                0x0000000000000001                ASSERT ((__StackLimit >= __HeapLimit), region RAM overflowed)
                0x0000000000000001                ASSERT (((__binary_info_header_end - __logical_binary_start) <= 0x100), Binary info must be in first 256 bytes of the binary)
LOAD CMakeFiles/irq.dir/irq.c.obj
LOAD CMakeFiles/irq.dir/home/vinke/Documents/Pi_Pico/c/pico/pico-sdk/src/rp2_common/pico_stdlib/stdlib.c.obj
LOAD CMakeFiles/irq.dir/home/vinke/Documents/Pi_Pico/c/pico/pico-sdk/src/rp2_common/hardware_gpio/gpio.c.obj
LOAD CMakeFiles/irq.dir/home/vinke/Documents/Pi_Pico/c/pico/pico-sdk/src/rp2_common/pico_platform/platform.c.obj
LOAD CMakeFiles/irq.dir/home/vinke/Documents/Pi_Pico/c/pico/pico-sdk/src/rp2_common/hardware_claim/claim.c.obj
LOAD CMakeFiles/irq.dir/home/vinke/Documents/Pi_Pico/c/pico/pico-sdk/src/rp2_common/hardware_sync/sync.c.obj
LOAD CMakeFiles/irq.dir/home/vinke/Documents/Pi_Pico/c/pico/pico-sdk/src/rp2_common/hardware_irq/irq.c.obj
LOAD CMakeFiles/irq.dir/home/vinke/Documents/Pi_Pico/c/pico/pico-sdk/src/rp2_common/hardware_irq/irq_handler_chain.S.obj
LOAD CMakeFiles/irq.dir/home/vinke/Documents/Pi_Pico/c/pico/pico-sdk/src/common/pico_sync/sem.c.obj
LOAD CMakeFiles/irq.dir/home/vinke/Documents/Pi_Pico/c/pico/pico-sdk/src/common/pico_sync/lock_core.c.obj
LOAD CMakeFiles/irq.dir/home/vinke/Documents/Pi_Pico/c/pico/pico-sdk/src/common/pico_sync/mutex.c.obj
LOAD CMakeFiles/irq.dir/home/vinke/Documents/Pi_Pico/c/pico/pico-sdk/src/common/pico_sync/critical_section.c.obj
LOAD CMakeFiles/irq.dir/home/vinke/Documents/Pi_Pico/c/pico/pico-sdk/src/common/pico_time/time.c.obj
LOAD CMakeFiles/irq.dir/home/vinke/Documents/Pi_Pico/c/pico/pico-sdk/src/common/pico_time/timeout_helper.c.obj
LOAD CMakeFiles/irq.dir/home/vinke/Documents/Pi_Pico/c/pico/pico-sdk/src/rp2_common/hardware_timer/timer.c.obj
LOAD CMakeFiles/irq.dir/home/vinke/Documents/Pi_Pico/c/pico/pico-sdk/src/common/pico_util/datetime.c.obj
LOAD CMakeFiles/irq.dir/home/vinke/Documents/Pi_Pico/c/pico/pico-sdk/src/common/pico_util/pheap.c.obj
LOAD CMakeFiles/irq.dir/home/vinke/Documents/Pi_Pico/c/pico/pico-sdk/src/common/pico_util/queue.c.obj
LOAD CMakeFiles/irq.dir/home/vinke/Documents/Pi_Pico/c/pico/pico-sdk/src/rp2_common/hardware_uart/uart.c.obj
LOAD CMakeFiles/irq.dir/home/vinke/Documents/Pi_Pico/c/pico/pico-sdk/src/rp2_common/hardware_clocks/clocks.c.obj
LOAD CMakeFiles/irq.dir/home/vinke/Documents/Pi_Pico/c/pico/pico-sdk/src/rp2_common/hardware_pll/pll.c.obj
LOAD CMakeFiles/irq.dir/home/vinke/Documents/Pi_Pico/c/pico/pico-sdk/src/rp2_common/hardware_vreg/vreg.c.obj
LOAD CMakeFiles/irq.dir/home/vinke/Documents/Pi_Pico/c/pico/pico-sdk/src/rp2_common/hardware_watchdog/watchdog.c.obj
LOAD CMakeFiles/irq.dir/home/vinke/Documents/Pi_Pico/c/pico/pico-sdk/src/rp2_common/hardware_xosc/xosc.c.obj
LOAD CMakeFiles/irq.dir/home/vinke/Documents/Pi_Pico/c/pico/pico-sdk/src/rp2_common/hardware_divider/divider.S.obj
LOAD CMakeFiles/irq.dir/home/vinke/Documents/Pi_Pico/c/pico/pico-sdk/src/rp2_common/pico_runtime/runtime.c.obj
LOAD CMakeFiles/irq.dir/home/vinke/Documents/Pi_Pico/c/pico/pico-sdk/src/rp2_common/pico_printf/printf.c.obj
LOAD CMakeFiles/irq.dir/home/vinke/Documents/Pi_Pico/c/pico/pico-sdk/src/rp2_common/pico_bit_ops/bit_ops_aeabi.S.obj
LOAD CMakeFiles/irq.dir/home/vinke/Documents/Pi_Pico/c/pico/pico-sdk/src/rp2_common/pico_bootrom/bootrom.c.obj
LOAD CMakeFiles/irq.dir/home/vinke/Documents/Pi_Pico/c/pico/pico-sdk/src/rp2_common/pico_divider/divider.S.obj
LOAD CMakeFiles/irq.dir/home/vinke/Documents/Pi_Pico/c/pico/pico-sdk/src/rp2_common/pico_double/double_aeabi.S.obj
LOAD CMakeFiles/irq.dir/home/vinke/Documents/Pi_Pico/c/pico/pico-sdk/src/rp2_common/pico_double/double_init_rom.c.obj
LOAD CMakeFiles/irq.dir/home/vinke/Documents/Pi_Pico/c/pico/pico-sdk/src/rp2_common/pico_double/double_math.c.obj
LOAD CMakeFiles/irq.dir/home/vinke/Documents/Pi_Pico/c/pico/pico-sdk/src/rp2_common/pico_double/double_v1_rom_shim.S.obj
LOAD CMakeFiles/irq.dir/home/vinke/Documents/Pi_Pico/c/pico/pico-sdk/src/rp2_common/pico_int64_ops/pico_int64_ops_aeabi.S.obj
LOAD CMakeFiles/irq.dir/home/vinke/Documents/Pi_Pico/c/pico/pico-sdk/src/rp2_common/pico_float/float_aeabi.S.obj
LOAD CMakeFiles/irq.dir/home/vinke/Documents/Pi_Pico/c/pico/pico-sdk/src/rp2_common/pico_float/float_init_rom.c.obj
LOAD CMakeFiles/irq.dir/home/vinke/Documents/Pi_Pico/c/pico/pico-sdk/src/rp2_common/pico_float/float_math.c.obj
LOAD CMakeFiles/irq.dir/home/vinke/Documents/Pi_Pico/c/pico/pico-sdk/src/rp2_common/pico_float/float_v1_rom_shim.S.obj
LOAD CMakeFiles/irq.dir/home/vinke/Documents/Pi_Pico/c/pico/pico-sdk/src/rp2_common/pico_malloc/pico_malloc.c.obj
LOAD CMakeFiles/irq.dir/home/vinke/Documents/Pi_Pico/c/pico/pico-sdk/src/rp2_common/pico_mem_ops/mem_ops_aeabi.S.obj
LOAD CMakeFiles/irq.dir/home/vinke/Documents/Pi_Pico/c/pico/pico-sdk/src/rp2_common/pico_standard_link/crt0.S.obj
LOAD CMakeFiles/irq.dir/home/vinke/Documents/Pi_Pico/c/pico/pico-sdk/src/rp2_common/pico_standard_link/new_delete.cpp.obj
LOAD CMakeFiles/irq.dir/home/vinke/Documents/Pi_Pico/c/pico/pico-sdk/src/rp2_common/pico_standard_link/binary_info.c.obj
LOAD CMakeFiles/irq.dir/home/vinke/Documents/Pi_Pico/c/pico/pico-sdk/src/rp2_common/pico_stdio/stdio.c.obj
LOAD CMakeFiles/irq.dir/home/vinke/Documents/Pi_Pico/c/pico/pico-sdk/src/rp2_common/pico_stdio_usb/reset_interface.c.obj
LOAD CMakeFiles/irq.dir/home/vinke/Documents/Pi_Pico/c/pico/pico-sdk/src/rp2_common/pico_stdio_usb/stdio_usb.c.obj
LOAD CMakeFiles/irq.dir/home/vinke/Documents/Pi_Pico/c/pico/pico-sdk/src/rp2_common/pico_stdio_usb/stdio_usb_descriptors.c.obj
LOAD CMakeFiles/irq.dir/home/vinke/Documents/Pi_Pico/c/pico/pico-sdk/src/rp2_common/pico_unique_id/unique_id.c.obj
LOAD CMakeFiles/irq.dir/home/vinke/Documents/Pi_Pico/c/pico/pico-sdk/src/rp2_common/hardware_flash/flash.c.obj
LOAD CMakeFiles/irq.dir/home/vinke/Documents/Pi_Pico/c/pico/pico-sdk/lib/tinyusb/src/portable/raspberrypi/rp2040/dcd_rp2040.c.obj
LOAD CMakeFiles/irq.dir/home/vinke/Documents/Pi_Pico/c/pico/pico-sdk/lib/tinyusb/src/portable/raspberrypi/rp2040/rp2040_usb.c.obj
LOAD CMakeFiles/irq.dir/home/vinke/Documents/Pi_Pico/c/pico/pico-sdk/lib/tinyusb/src/device/usbd.c.obj
LOAD CMakeFiles/irq.dir/home/vinke/Documents/Pi_Pico/c/pico/pico-sdk/lib/tinyusb/src/device/usbd_control.c.obj
LOAD CMakeFiles/irq.dir/home/vinke/Documents/Pi_Pico/c/pico/pico-sdk/lib/tinyusb/src/class/audio/audio_device.c.obj
LOAD CMakeFiles/irq.dir/home/vinke/Documents/Pi_Pico/c/pico/pico-sdk/lib/tinyusb/src/class/cdc/cdc_device.c.obj
LOAD CMakeFiles/irq.dir/home/vinke/Documents/Pi_Pico/c/pico/pico-sdk/lib/tinyusb/src/class/dfu/dfu_device.c.obj
LOAD CMakeFiles/irq.dir/home/vinke/Documents/Pi_Pico/c/pico/pico-sdk/lib/tinyusb/src/class/dfu/dfu_rt_device.c.obj
LOAD CMakeFiles/irq.dir/home/vinke/Documents/Pi_Pico/c/pico/pico-sdk/lib/tinyusb/src/class/hid/hid_device.c.obj
LOAD CMakeFiles/irq.dir/home/vinke/Documents/Pi_Pico/c/pico/pico-sdk/lib/tinyusb/src/class/midi/midi_device.c.obj
LOAD CMakeFiles/irq.dir/home/vinke/Documents/Pi_Pico/c/pico/pico-sdk/lib/tinyusb/src/class/msc/msc_device.c.obj
LOAD CMakeFiles/irq.dir/home/vinke/Documents/Pi_Pico/c/pico/pico-sdk/lib/tinyusb/src/class/net/ecm_rndis_device.c.obj
LOAD CMakeFiles/irq.dir/home/vinke/Documents/Pi_Pico/c/pico/pico-sdk/lib/tinyusb/src/class/net/ncm_device.c.obj
LOAD CMakeFiles/irq.dir/home/vinke/Documents/Pi_Pico/c/pico/pico-sdk/lib/tinyusb/src/class/usbtmc/usbtmc_device.c.obj
LOAD CMakeFiles/irq.dir/home/vinke/Documents/Pi_Pico/c/pico/pico-sdk/lib/tinyusb/src/class/vendor/vendor_device.c.obj
LOAD CMakeFiles/irq.dir/home/vinke/Documents/Pi_Pico/c/pico/pico-sdk/lib/tinyusb/src/class/video/video_device.c.obj
LOAD CMakeFiles/irq.dir/home/vinke/Documents/Pi_Pico/c/pico/pico-sdk/lib/tinyusb/src/tusb.c.obj
LOAD CMakeFiles/irq.dir/home/vinke/Documents/Pi_Pico/c/pico/pico-sdk/lib/tinyusb/src/common/tusb_fifo.c.obj
LOAD CMakeFiles/irq.dir/home/vinke/Documents/Pi_Pico/c/pico/pico-sdk/src/rp2_common/pico_fix/rp2040_usb_device_enumeration/rp2040_usb_device_enumeration.c.obj
LOAD /tmp/ccD0NfUH.o
LOAD /usr/lib/gcc/arm-none-eabi/10.3.1/../../../arm-none-eabi/lib/thumb/v6-m/nofp/libstdc++.a
LOAD /usr/lib/gcc/arm-none-eabi/10.3.1/../../../arm-none-eabi/lib/thumb/v6-m/nofp/libm.a
START GROUP
LOAD /usr/lib/gcc/arm-none-eabi/10.3.1/thumb/v6-m/nofp/libgcc.a
LOAD /usr/lib/gcc/arm-none-eabi/10.3.1/../../../arm-none-eabi/lib/thumb/v6-m/nofp/libc.a
END GROUP
START GROUP
LOAD /usr/lib/gcc/arm-none-eabi/10.3.1/thumb/v6-m/nofp/libgcc.a
LOAD /usr/lib/gcc/arm-none-eabi/10.3.1/../../../arm-none-eabi/lib/thumb/v6-m/nofp/libc.a
LOAD /usr/lib/gcc/arm-none-eabi/10.3.1/../../../arm-none-eabi/lib/thumb/v6-m/nofp/libnosys.a
END GROUP
LOAD /usr/lib/gcc/arm-none-eabi/10.3.1/thumb/v6-m/nofp/crtend.o
LOAD /usr/lib/gcc/arm-none-eabi/10.3.1/thumb/v6-m/nofp/crtn.o
OUTPUT(irq.elf elf32-littlearm)
LOAD linker stubs

.ARM.attributes
                0x0000000000000000       0x28
 .ARM.attributes
                0x0000000000000000       0x1e /usr/lib/gcc/arm-none-eabi/10.3.1/thumb/v6-m/nofp/crti.o
 .ARM.attributes
                0x000000000000001e       0x2c /usr/lib/gcc/arm-none-eabi/10.3.1/thumb/v6-m/nofp/crtbegin.o
 .ARM.attributes
                0x000000000000004a       0x2c CMakeFiles/irq.dir/irq.c.obj
 .ARM.attributes
                0x0000000000000076       0x2c CMakeFiles/irq.dir/home/vinke/Documents/Pi_Pico/c/pico/pico-sdk/src/rp2_common/hardware_gpio/gpio.c.obj
 .ARM.attributes
                0x00000000000000a2       0x2c CMakeFiles/irq.dir/home/vinke/Documents/Pi_Pico/c/pico/pico-sdk/src/rp2_common/pico_platform/platform.c.obj
 .ARM.attributes
                0x00000000000000ce       0x2c CMakeFiles/irq.dir/home/vinke/Documents/Pi_Pico/c/pico/pico-sdk/src/rp2_common/hardware_claim/claim.c.obj
 .ARM.attributes
                0x00000000000000fa       0x2c CMakeFiles/irq.dir/home/vinke/Documents/Pi_Pico/c/pico/pico-sdk/src/rp2_common/hardware_sync/sync.c.obj
 .ARM.attributes
                0x0000000000000126       0x2c CMakeFiles/irq.dir/home/vinke/Documents/Pi_Pico/c/pico/pico-sdk/src/rp2_common/hardware_irq/irq.c.obj
 .ARM.attributes
                0x0000000000000152       0x22 CMakeFiles/irq.dir/home/vinke/Documents/Pi_Pico/c/pico/pico-sdk/src/rp2_common/hardware_irq/irq_handler_chain.S.obj